Archive member included to satisfy reference by file (symbol)

e:/stm32cubeide_1.6.1/stm32cubeide/plugins/com.st.stm32cube.ide.mcu.externaltools.gnu-tools-for-stm32.9-2020-q2-update.win32_1.5.0.202011040924/tools/bin/../lib/gcc/arm-none-eabi/9.3.1/../../../../arm-none-eabi/lib/thumb/v7-m/nofp\libc_nano.a(lib_a-errno.o)
                              Core/Src/syscalls.o (__errno)
e:/stm32cubeide_1.6.1/stm32cubeide/plugins/com.st.stm32cube.ide.mcu.externaltools.gnu-tools-for-stm32.9-2020-q2-update.win32_1.5.0.202011040924/tools/bin/../lib/gcc/arm-none-eabi/9.3.1/../../../../arm-none-eabi/lib/thumb/v7-m/nofp\libc_nano.a(lib_a-exit.o)
                              e:/stm32cubeide_1.6.1/stm32cubeide/plugins/com.st.stm32cube.ide.mcu.externaltools.gnu-tools-for-stm32.9-2020-q2-update.win32_1.5.0.202011040924/tools/bin/../lib/gcc/arm-none-eabi/9.3.1/../../../../arm-none-eabi/lib/thumb/v7-m/nofp/crt0.o (exit)
e:/stm32cubeide_1.6.1/stm32cubeide/plugins/com.st.stm32cube.ide.mcu.externaltools.gnu-tools-for-stm32.9-2020-q2-update.win32_1.5.0.202011040924/tools/bin/../lib/gcc/arm-none-eabi/9.3.1/../../../../arm-none-eabi/lib/thumb/v7-m/nofp\libc_nano.a(lib_a-impure.o)
                              e:/stm32cubeide_1.6.1/stm32cubeide/plugins/com.st.stm32cube.ide.mcu.externaltools.gnu-tools-for-stm32.9-2020-q2-update.win32_1.5.0.202011040924/tools/bin/../lib/gcc/arm-none-eabi/9.3.1/../../../../arm-none-eabi/lib/thumb/v7-m/nofp\libc_nano.a(lib_a-exit.o) (_global_impure_ptr)
e:/stm32cubeide_1.6.1/stm32cubeide/plugins/com.st.stm32cube.ide.mcu.externaltools.gnu-tools-for-stm32.9-2020-q2-update.win32_1.5.0.202011040924/tools/bin/../lib/gcc/arm-none-eabi/9.3.1/../../../../arm-none-eabi/lib/thumb/v7-m/nofp\libc_nano.a(lib_a-init.o)
                              e:/stm32cubeide_1.6.1/stm32cubeide/plugins/com.st.stm32cube.ide.mcu.externaltools.gnu-tools-for-stm32.9-2020-q2-update.win32_1.5.0.202011040924/tools/bin/../lib/gcc/arm-none-eabi/9.3.1/../../../../arm-none-eabi/lib/thumb/v7-m/nofp/crt0.o (__libc_init_array)
e:/stm32cubeide_1.6.1/stm32cubeide/plugins/com.st.stm32cube.ide.mcu.externaltools.gnu-tools-for-stm32.9-2020-q2-update.win32_1.5.0.202011040924/tools/bin/../lib/gcc/arm-none-eabi/9.3.1/../../../../arm-none-eabi/lib/thumb/v7-m/nofp\libc_nano.a(lib_a-memset.o)
                              e:/stm32cubeide_1.6.1/stm32cubeide/plugins/com.st.stm32cube.ide.mcu.externaltools.gnu-tools-for-stm32.9-2020-q2-update.win32_1.5.0.202011040924/tools/bin/../lib/gcc/arm-none-eabi/9.3.1/../../../../arm-none-eabi/lib/thumb/v7-m/nofp/crt0.o (memset)

Allocating common symbols
Common symbol       size              file

uwTick              0x4               Drivers/STM32F1xx_HAL_Driver/Src/stm32f1xx_hal.o
pFlash              0x20              Drivers/STM32F1xx_HAL_Driver/Src/stm32f1xx_hal_flash.o
rx_BUF              0x677             Core/Src/main.o
TUART2              0x20              Core/Src/main.o

Discarded input sections

 .text          0x0000000000000000        0x0 e:/stm32cubeide_1.6.1/stm32cubeide/plugins/com.st.stm32cube.ide.mcu.externaltools.gnu-tools-for-stm32.9-2020-q2-update.win32_1.5.0.202011040924/tools/bin/../lib/gcc/arm-none-eabi/9.3.1/thumb/v7-m/nofp/crti.o
 .data          0x0000000000000000        0x0 e:/stm32cubeide_1.6.1/stm32cubeide/plugins/com.st.stm32cube.ide.mcu.externaltools.gnu-tools-for-stm32.9-2020-q2-update.win32_1.5.0.202011040924/tools/bin/../lib/gcc/arm-none-eabi/9.3.1/thumb/v7-m/nofp/crti.o
 .bss           0x0000000000000000        0x0 e:/stm32cubeide_1.6.1/stm32cubeide/plugins/com.st.stm32cube.ide.mcu.externaltools.gnu-tools-for-stm32.9-2020-q2-update.win32_1.5.0.202011040924/tools/bin/../lib/gcc/arm-none-eabi/9.3.1/thumb/v7-m/nofp/crti.o
 .data          0x0000000000000000        0x4 e:/stm32cubeide_1.6.1/stm32cubeide/plugins/com.st.stm32cube.ide.mcu.externaltools.gnu-tools-for-stm32.9-2020-q2-update.win32_1.5.0.202011040924/tools/bin/../lib/gcc/arm-none-eabi/9.3.1/thumb/v7-m/nofp/crtbegin.o
 .text          0x0000000000000000       0x7c e:/stm32cubeide_1.6.1/stm32cubeide/plugins/com.st.stm32cube.ide.mcu.externaltools.gnu-tools-for-stm32.9-2020-q2-update.win32_1.5.0.202011040924/tools/bin/../lib/gcc/arm-none-eabi/9.3.1/../../../../arm-none-eabi/lib/thumb/v7-m/nofp/crt0.o
 .data          0x0000000000000000        0x0 e:/stm32cubeide_1.6.1/stm32cubeide/plugins/com.st.stm32cube.ide.mcu.externaltools.gnu-tools-for-stm32.9-2020-q2-update.win32_1.5.0.202011040924/tools/bin/../lib/gcc/arm-none-eabi/9.3.1/../../../../arm-none-eabi/lib/thumb/v7-m/nofp/crt0.o
 .bss           0x0000000000000000        0x0 e:/stm32cubeide_1.6.1/stm32cubeide/plugins/com.st.stm32cube.ide.mcu.externaltools.gnu-tools-for-stm32.9-2020-q2-update.win32_1.5.0.202011040924/tools/bin/../lib/gcc/arm-none-eabi/9.3.1/../../../../arm-none-eabi/lib/thumb/v7-m/nofp/crt0.o
[...]
Memory Configuration

Name             Origin             Length             Attributes
RAM              0x0000000020000000 0x0000000000005000 xrw
FLASH            0x0000000008000000 0x0000000000020000 xr
*default*        0x0000000000000000 0xffffffffffffffff

Linker script and memory map

LOAD e:/stm32cubeide_1.6.1/stm32cubeide/plugins/com.st.stm32cube.ide.mcu.externaltools.gnu-tools-for-stm32.9-2020-q2-update.win32_1.5.0.202011040924/tools/bin/../lib/gcc/arm-none-eabi/9.3.1/thumb/v7-m/nofp/crti.o
LOAD e:/stm32cubeide_1.6.1/stm32cubeide/plugins/com.st.stm32cube.ide.mcu.externaltools.gnu-tools-for-stm32.9-2020-q2-update.win32_1.5.0.202011040924/tools/bin/../lib/gcc/arm-none-eabi/9.3.1/thumb/v7-m/nofp/crtbegin.o
LOAD e:/stm32cubeide_1.6.1/stm32cubeide/plugins/com.st.stm32cube.ide.mcu.externaltools.gnu-tools-for-stm32.9-2020-q2-update.win32_1.5.0.202011040924/tools/bin/../lib/gcc/arm-none-eabi/9.3.1/../../../../arm-none-eabi/lib/thumb/v7-m/nofp/crt0.o
LOAD Core/Src/LL_UART_ECHO_DMA_IDLE.o
LOAD Core/Src/dma.o
LOAD Core/Src/gpio.o
LOAD Core/Src/main.o
LOAD Core/Src/stm32f1xx_hal_msp.o
LOAD Core/Src/stm32f1xx_it.o
LOAD Core/Src/syscalls.o
LOAD Core/Src/sysmem.o
LOAD Core/Src/system_stm32f1xx.o
LOAD Core/Src/usart.o
LOAD Core/Startup/startup_stm32f103rbtx.o
LOAD Drivers/STM32F1xx_HAL_Driver/Src/stm32f1xx_hal.o
LOAD Drivers/STM32F1xx_HAL_Driver/Src/stm32f1xx_hal_cortex.o
LOAD Drivers/STM32F1xx_HAL_Driver/Src/stm32f1xx_hal_dma.o
LOAD Drivers/STM32F1xx_HAL_Driver/Src/stm32f1xx_hal_exti.o
LOAD Drivers/STM32F1xx_HAL_Driver/Src/stm32f1xx_hal_flash.o
LOAD Drivers/STM32F1xx_HAL_Driver/Src/stm32f1xx_hal_flash_ex.o
LOAD Drivers/STM32F1xx_HAL_Driver/Src/stm32f1xx_hal_gpio.o
LOAD Drivers/STM32F1xx_HAL_Driver/Src/stm32f1xx_hal_gpio_ex.o
LOAD Drivers/STM32F1xx_HAL_Driver/Src/stm32f1xx_hal_pwr.o
LOAD Drivers/STM32F1xx_HAL_Driver/Src/stm32f1xx_hal_rcc.o
LOAD Drivers/STM32F1xx_HAL_Driver/Src/stm32f1xx_hal_rcc_ex.o
LOAD Drivers/STM32F1xx_HAL_Driver/Src/stm32f1xx_hal_tim.o
LOAD Drivers/STM32F1xx_HAL_Driver/Src/stm32f1xx_hal_tim_ex.o
LOAD Drivers/STM32F1xx_HAL_Driver/Src/stm32f1xx_ll_dma.o
LOAD Drivers/STM32F1xx_HAL_Driver/Src/stm32f1xx_ll_exti.o
LOAD Drivers/STM32F1xx_HAL_Driver/Src/stm32f1xx_ll_gpio.o
LOAD Drivers/STM32F1xx_HAL_Driver/Src/stm32f1xx_ll_rcc.o
LOAD Drivers/STM32F1xx_HAL_Driver/Src/stm32f1xx_ll_usart.o
LOAD Drivers/STM32F1xx_HAL_Driver/Src/stm32f1xx_ll_utils.o
START GROUP
LOAD e:/stm32cubeide_1.6.1/stm32cubeide/plugins/com.st.stm32cube.ide.mcu.externaltools.gnu-tools-for-stm32.9-2020-q2-update.win32_1.5.0.202011040924/tools/bin/../lib/gcc/arm-none-eabi/9.3.1/../../../../arm-none-eabi/lib/thumb/v7-m/nofp\libc_nano.a
LOAD e:/stm32cubeide_1.6.1/stm32cubeide/plugins/com.st.stm32cube.ide.mcu.externaltools.gnu-tools-for-stm32.9-2020-q2-update.win32_1.5.0.202011040924/tools/bin/../lib/gcc/arm-none-eabi/9.3.1/../../../../arm-none-eabi/lib/thumb/v7-m/nofp\libm.a
END GROUP
START GROUP
LOAD e:/stm32cubeide_1.6.1/stm32cubeide/plugins/com.st.stm32cube.ide.mcu.externaltools.gnu-tools-for-stm32.9-2020-q2-update.win32_1.5.0.202011040924/tools/bin/../lib/gcc/arm-none-eabi/9.3.1/thumb/v7-m/nofp\libgcc.a
LOAD e:/stm32cubeide_1.6.1/stm32cubeide/plugins/com.st.stm32cube.ide.mcu.externaltools.gnu-tools-for-stm32.9-2020-q2-update.win32_1.5.0.202011040924/tools/bin/../lib/gcc/arm-none-eabi/9.3.1/../../../../arm-none-eabi/lib/thumb/v7-m/nofp\libc_nano.a
END GROUP
START GROUP
LOAD e:/stm32cubeide_1.6.1/stm32cubeide/plugins/com.st.stm32cube.ide.mcu.externaltools.gnu-tools-for-stm32.9-2020-q2-update.win32_1.5.0.202011040924/tools/bin/../lib/gcc/arm-none-eabi/9.3.1/thumb/v7-m/nofp\libgcc.a
LOAD e:/stm32cubeide_1.6.1/stm32cubeide/plugins/com.st.stm32cube.ide.mcu.externaltools.gnu-tools-for-stm32.9-2020-q2-update.win32_1.5.0.202011040924/tools/bin/../lib/gcc/arm-none-eabi/9.3.1/../../../../arm-none-eabi/lib/thumb/v7-m/nofp\libc_nano.a
LOAD e:/stm32cubeide_1.6.1/stm32cubeide/plugins/com.st.stm32cube.ide.mcu.externaltools.gnu-tools-for-stm32.9-2020-q2-update.win32_1.5.0.202011040924/tools/bin/../lib/gcc/arm-none-eabi/9.3.1/../../../../arm-none-eabi/lib/thumb/v7-m/nofp\libnosys.a
END GROUP
START GROUP
LOAD e:/stm32cubeide_1.6.1/stm32cubeide/plugins/com.st.stm32cube.ide.mcu.externaltools.gnu-tools-for-stm32.9-2020-q2-update.win32_1.5.0.202011040924/tools/bin/../lib/gcc/arm-none-eabi/9.3.1/thumb/v7-m/nofp\libgcc.a
LOAD e:/stm32cubeide_1.6.1/stm32cubeide/plugins/com.st.stm32cube.ide.mcu.externaltools.gnu-tools-for-stm32.9-2020-q2-update.win32_1.5.0.202011040924/tools/bin/../lib/gcc/arm-none-eabi/9.3.1/../../../../arm-none-eabi/lib/thumb/v7-m/nofp\libc_nano.a
LOAD e:/stm32cubeide_1.6.1/stm32cubeide/plugins/com.st.stm32cube.ide.mcu.externaltools.gnu-tools-for-stm32.9-2020-q2-update.win32_1.5.0.202011040924/tools/bin/../lib/gcc/arm-none-eabi/9.3.1/../../../../arm-none-eabi/lib/thumb/v7-m/nofp\libnosys.a
END GROUP
LOAD e:/stm32cubeide_1.6.1/stm32cubeide/plugins/com.st.stm32cube.ide.mcu.externaltools.gnu-tools-for-stm32.9-2020-q2-update.win32_1.5.0.202011040924/tools/bin/../lib/gcc/arm-none-eabi/9.3.1/thumb/v7-m/nofp/crtend.o
LOAD e:/stm32cubeide_1.6.1/stm32cubeide/plugins/com.st.stm32cube.ide.mcu.externaltools.gnu-tools-for-stm32.9-2020-q2-update.win32_1.5.0.202011040924/tools/bin/../lib/gcc/arm-none-eabi/9.3.1/thumb/v7-m/nofp/crtn.o
                0x0000000020005000                _estack = (ORIGIN (RAM) + LENGTH (RAM))
                0x0000000000000200                _Min_Heap_Size = 0x200
                0x0000000000000400                _Min_Stack_Size = 0x400

.isr_vector     0x0000000008000000      0x10c
                0x0000000008000000                . = ALIGN (0x4)
 *(.isr_vector)
 .isr_vector    0x0000000008000000      0x10c Core/Startup/startup_stm32f103rbtx.o
                0x0000000008000000                g_pfnVectors
                0x000000000800010c                . = ALIGN (0x4)

.text           0x000000000800010c     0x2528
                0x000000000800010c                . = ALIGN (0x4)
 *(.text)
 .text          0x000000000800010c       0x40 e:/stm32cubeide_1.6.1/stm32cubeide/plugins/com.st.stm32cube.ide.mcu.externaltools.gnu-tools-for-stm32.9-2020-q2-update.win32_1.5.0.202011040924/tools/bin/../lib/gcc/arm-none-eabi/9.3.1/thumb/v7-m/nofp/crtbegin.o
 *(.text*)
 .text.LL_USART_IsActiveFlag_IDLE
                0x000000000800014c       0x24 Core/Src/LL_UART_ECHO_DMA_IDLE.o
 .text.LL_USART_ClearFlag_IDLE
                0x0000000008000170       0x22 Core/Src/LL_UART_ECHO_DMA_IDLE.o
 .text.LL_USART_EnableIT_IDLE
                0x0000000008000192       0x1e Core/Src/LL_UART_ECHO_DMA_IDLE.o
 .text.LL_USART_EnableDMAReq_RX
                0x00000000080001b0       0x1e Core/Src/LL_UART_ECHO_DMA_IDLE.o
 .text.LL_USART_EnableDMAReq_TX
                0x00000000080001ce       0x1e Core/Src/LL_UART_ECHO_DMA_IDLE.o
 .text.LL_USART_DMA_GetRegAddr
                0x00000000080001ec       0x16 Core/Src/LL_UART_ECHO_DMA_IDLE.o
 *fill*         0x0000000008000202        0x2 
 .text.LL_DMA_EnableChannel
                0x0000000008000204       0x3c Core/Src/LL_UART_ECHO_DMA_IDLE.o
 .text.LL_DMA_DisableChannel
                0x0000000008000240       0x3c Core/Src/LL_UART_ECHO_DMA_IDLE.o
 .text.LL_DMA_ConfigTransfer
                0x000000000800027c       0x48 Core/Src/LL_UART_ECHO_DMA_IDLE.o
 .text.LL_DMA_GetDataTransferDirection
                0x00000000080002c4       0x30 Core/Src/LL_UART_ECHO_DMA_IDLE.o
 .text.LL_DMA_SetDataLength
                0x00000000080002f4       0x44 Core/Src/LL_UART_ECHO_DMA_IDLE.o
 .text.LL_DMA_GetDataLength
                0x0000000008000338       0x2c Core/Src/LL_UART_ECHO_DMA_IDLE.o
 .text.LL_DMA_ConfigAddresses
                0x0000000008000364       0x74 Core/Src/LL_UART_ECHO_DMA_IDLE.o
 .text.LL_DMA_EnableIT_TC
                0x00000000080003d8       0x3c Core/Src/LL_UART_ECHO_DMA_IDLE.o
 .text.Init_LL_USART_IDLE
                0x0000000008000414       0x38 Core/Src/LL_UART_ECHO_DMA_IDLE.o
                0x0000000008000414                Init_LL_USART_IDLE
 .text.TUART_DMA_Trasmit
                0x000000000800044c       0xac Core/Src/LL_UART_ECHO_DMA_IDLE.o
                0x000000000800044c                TUART_DMA_Trasmit
 .text.StartTransfers
                0x00000000080004f8       0x4c Core/Src/LL_UART_ECHO_DMA_IDLE.o
                0x00000000080004f8                StartTransfers
 .text.Configure_DMA
                0x0000000008000544       0xc0 Core/Src/LL_UART_ECHO_DMA_IDLE.o
                0x0000000008000544                Configure_DMA
 .text.USART_IDLE_CallBack
                0x0000000008000604       0x30 Core/Src/LL_UART_ECHO_DMA_IDLE.o
                0x0000000008000604                USART_IDLE_CallBack
 .text.UART_DMA_ReceiveComplete_Callback
                0x0000000008000634       0x5c Core/Src/LL_UART_ECHO_DMA_IDLE.o
                0x0000000008000634                UART_DMA_ReceiveComplete_Callback
 .text.UART_DMA_TransmitComplete_Callback
                0x0000000008000690       0x18 Core/Src/LL_UART_ECHO_DMA_IDLE.o
                0x0000000008000690                UART_DMA_TransmitComplete_Callback
 .text.__NVIC_GetPriorityGrouping
                0x00000000080006a8       0x1c Core/Src/dma.o
 .text.__NVIC_EnableIRQ
                0x00000000080006c4       0x38 Core/Src/dma.o
 .text.__NVIC_SetPriority
                0x00000000080006fc       0x54 Core/Src/dma.o
 .text.NVIC_EncodePriority
                0x0000000008000750       0x64 Core/Src/dma.o
 .text.MX_DMA_Init
                0x00000000080007b4       0x6c Core/Src/dma.o
                0x00000000080007b4                MX_DMA_Init
 .text.MX_GPIO_Init
                0x0000000008000820       0xdc Core/Src/gpio.o
                0x0000000008000820                MX_GPIO_Init
 .text.main     0x00000000080008fc       0xa8 Core/Src/main.o
                0x00000000080008fc                main
 .text.SystemClock_Config
                0x00000000080009a4       0x82 Core/Src/main.o
                0x00000000080009a4                SystemClock_Config
 .text.Error_Handler
                0x0000000008000a26        0xa Core/Src/main.o
                0x0000000008000a26                Error_Handler
 .text.HAL_MspInit
                0x0000000008000a30       0x64 Core/Src/stm32f1xx_hal_msp.o
                0x0000000008000a30                HAL_MspInit
 .text.LL_DMA_IsActiveFlag_TC6
                0x0000000008000a94       0x26 Core/Src/stm32f1xx_it.o
 .text.LL_DMA_IsActiveFlag_TC7
                0x0000000008000aba       0x26 Core/Src/stm32f1xx_it.o
 .text.LL_DMA_ClearFlag_GI6
                0x0000000008000ae0       0x1a Core/Src/stm32f1xx_it.o
 .text.LL_DMA_ClearFlag_GI7
                0x0000000008000afa       0x1a Core/Src/stm32f1xx_it.o
 .text.NMI_Handler
                0x0000000008000b14        0x6 Core/Src/stm32f1xx_it.o
                0x0000000008000b14                NMI_Handler
 .text.HardFault_Handler
                0x0000000008000b1a        0x6 Core/Src/stm32f1xx_it.o
                0x0000000008000b1a                HardFault_Handler
 .text.MemManage_Handler
                0x0000000008000b20        0x6 Core/Src/stm32f1xx_it.o
                0x0000000008000b20                MemManage_Handler
 .text.BusFault_Handler
                0x0000000008000b26        0x6 Core/Src/stm32f1xx_it.o
                0x0000000008000b26                BusFault_Handler
 .text.UsageFault_Handler
                0x0000000008000b2c        0x6 Core/Src/stm32f1xx_it.o
                0x0000000008000b2c                UsageFault_Handler
 .text.SVC_Handler
                0x0000000008000b32        0xc Core/Src/stm32f1xx_it.o
                0x0000000008000b32                SVC_Handler
 .text.DebugMon_Handler
                0x0000000008000b3e        0xc Core/Src/stm32f1xx_it.o
                0x0000000008000b3e                DebugMon_Handler
 .text.PendSV_Handler
                0x0000000008000b4a        0xc Core/Src/stm32f1xx_it.o
                0x0000000008000b4a                PendSV_Handler
 .text.SysTick_Handler
                0x0000000008000b56        0xc Core/Src/stm32f1xx_it.o
                0x0000000008000b56                SysTick_Handler
 *fill*         0x0000000008000b62        0x2 
 .text.DMA1_Channel6_IRQHandler
                0x0000000008000b64       0x28 Core/Src/stm32f1xx_it.o
                0x0000000008000b64                DMA1_Channel6_IRQHandler
 .text.DMA1_Channel7_IRQHandler
                0x0000000008000b8c       0x28 Core/Src/stm32f1xx_it.o
                0x0000000008000b8c                DMA1_Channel7_IRQHandler
 .text.USART2_IRQHandler
                0x0000000008000bb4       0x14 Core/Src/stm32f1xx_it.o
                0x0000000008000bb4                USART2_IRQHandler
 .text.EXTI15_10_IRQHandler
                0x0000000008000bc8       0x10 Core/Src/stm32f1xx_it.o
                0x0000000008000bc8                EXTI15_10_IRQHandler
 .text.SystemInit
                0x0000000008000bd8        0xc Core/Src/system_stm32f1xx.o
                0x0000000008000bd8                SystemInit
 .text.__NVIC_GetPriorityGrouping
                0x0000000008000be4       0x1c Core/Src/usart.o
 .text.__NVIC_EnableIRQ
                0x0000000008000c00       0x38 Core/Src/usart.o
 .text.__NVIC_SetPriority
                0x0000000008000c38       0x54 Core/Src/usart.o
 .text.NVIC_EncodePriority
                0x0000000008000c8c       0x64 Core/Src/usart.o
 .text.LL_USART_Enable
                0x0000000008000cf0       0x1e Core/Src/usart.o
 .text.LL_USART_ConfigAsyncMode
                0x0000000008000d0e       0x2a Core/Src/usart.o
 .text.LL_APB1_GRP1_EnableClock
                0x0000000008000d38       0x30 Core/Src/usart.o
 .text.LL_APB2_GRP1_EnableClock
                0x0000000008000d68       0x30 Core/Src/usart.o
 .text.LL_DMA_SetDataTransferDirection
                0x0000000008000d98       0x48 Core/Src/usart.o
 .text.LL_DMA_SetMode
                0x0000000008000de0       0x44 Core/Src/usart.o
 .text.LL_DMA_SetPeriphIncMode
                0x0000000008000e24       0x44 Core/Src/usart.o
 .text.LL_DMA_SetMemoryIncMode
                0x0000000008000e68       0x44 Core/Src/usart.o
 .text.LL_DMA_SetPeriphSize
                0x0000000008000eac       0x44 Core/Src/usart.o
 .text.LL_DMA_SetMemorySize
                0x0000000008000ef0       0x44 Core/Src/usart.o
 .text.LL_DMA_SetChannelPriorityLevel
                0x0000000008000f34       0x44 Core/Src/usart.o
 .text.MX_USART2_UART_Init
                0x0000000008000f78      0x15c Core/Src/usart.o
                0x0000000008000f78                MX_USART2_UART_Init
 .text.Reset_Handler
                0x00000000080010d4       0x48 Core/Startup/startup_stm32f103rbtx.o
                0x00000000080010d4                Reset_Handler
 .text.Default_Handler
                0x000000000800111c        0x2 Core/Startup/startup_stm32f103rbtx.o
                0x000000000800111c                RTC_Alarm_IRQHandler
                0x000000000800111c                EXTI2_IRQHandler
                0x000000000800111c                TIM1_CC_IRQHandler
                0x000000000800111c                PVD_IRQHandler
                0x000000000800111c                EXTI3_IRQHandler
                0x000000000800111c                EXTI0_IRQHandler
                0x000000000800111c                I2C2_EV_IRQHandler
                0x000000000800111c                ADC1_2_IRQHandler
                0x000000000800111c                SPI1_IRQHandler
                0x000000000800111c                TAMPER_IRQHandler
                0x000000000800111c                DMA1_Channel4_IRQHandler
                0x000000000800111c                USART3_IRQHandler
                0x000000000800111c                RTC_IRQHandler
                0x000000000800111c                CAN1_RX1_IRQHandler
                0x000000000800111c                TIM4_IRQHandler
                0x000000000800111c                I2C1_EV_IRQHandler
                0x000000000800111c                TIM3_IRQHandler
                0x000000000800111c                RCC_IRQHandler
                0x000000000800111c                TIM1_TRG_COM_IRQHandler
                0x000000000800111c                DMA1_Channel1_IRQHandler
                0x000000000800111c                Default_Handler
                0x000000000800111c                EXTI9_5_IRQHandler
                0x000000000800111c                SPI2_IRQHandler
                0x000000000800111c                DMA1_Channel5_IRQHandler
                0x000000000800111c                EXTI4_IRQHandler
                0x000000000800111c                USB_LP_CAN1_RX0_IRQHandler
                0x000000000800111c                USB_HP_CAN1_TX_IRQHandler
                0x000000000800111c                DMA1_Channel3_IRQHandler
                0x000000000800111c                TIM1_UP_IRQHandler
                0x000000000800111c                WWDG_IRQHandler
                0x000000000800111c                TIM2_IRQHandler
                0x000000000800111c                TIM1_BRK_IRQHandler
                0x000000000800111c                EXTI1_IRQHandler
                0x000000000800111c                I2C2_ER_IRQHandler
                0x000000000800111c                DMA1_Channel2_IRQHandler
                0x000000000800111c                CAN1_SCE_IRQHandler
                0x000000000800111c                FLASH_IRQHandler
                0x000000000800111c                USART1_IRQHandler
                0x000000000800111c                I2C1_ER_IRQHandler
                0x000000000800111c                USBWakeUp_IRQHandler
 *fill*         0x000000000800111e        0x2 
 .text.HAL_Init
                0x0000000008001120       0x2c Drivers/STM32F1xx_HAL_Driver/Src/stm32f1xx_hal.o
                0x0000000008001120                HAL_Init
 .text.HAL_InitTick
                0x000000000800114c       0x60 Drivers/STM32F1xx_HAL_Driver/Src/stm32f1xx_hal.o
                0x000000000800114c                HAL_InitTick
 .text.HAL_IncTick
                0x00000000080011ac       0x24 Drivers/STM32F1xx_HAL_Driver/Src/stm32f1xx_hal.o
                0x00000000080011ac                HAL_IncTick
 .text.HAL_GetTick
                0x00000000080011d0       0x14 Drivers/STM32F1xx_HAL_Driver/Src/stm32f1xx_hal.o
                0x00000000080011d0                HAL_GetTick
 .text.__NVIC_SetPriorityGrouping
                0x00000000080011e4       0x48 Drivers/STM32F1xx_HAL_Driver/Src/stm32f1xx_hal_cortex.o
 .text.__NVIC_GetPriorityGrouping
                0x000000000800122c       0x1c Drivers/STM32F1xx_HAL_Driver/Src/stm32f1xx_hal_cortex.o
 .text.__NVIC_EnableIRQ
                0x0000000008001248       0x38 Drivers/STM32F1xx_HAL_Driver/Src/stm32f1xx_hal_cortex.o
 .text.__NVIC_SetPriority
                0x0000000008001280       0x54 Drivers/STM32F1xx_HAL_Driver/Src/stm32f1xx_hal_cortex.o
 .text.NVIC_EncodePriority
                0x00000000080012d4       0x64 Drivers/STM32F1xx_HAL_Driver/Src/stm32f1xx_hal_cortex.o
 .text.SysTick_Config
                0x0000000008001338       0x44 Drivers/STM32F1xx_HAL_Driver/Src/stm32f1xx_hal_cortex.o
 .text.HAL_NVIC_SetPriorityGrouping
                0x000000000800137c       0x16 Drivers/STM32F1xx_HAL_Driver/Src/stm32f1xx_hal_cortex.o
                0x000000000800137c                HAL_NVIC_SetPriorityGrouping
 .text.HAL_NVIC_SetPriority
                0x0000000008001392       0x38 Drivers/STM32F1xx_HAL_Driver/Src/stm32f1xx_hal_cortex.o
                0x0000000008001392                HAL_NVIC_SetPriority
 .text.HAL_NVIC_EnableIRQ
                0x00000000080013ca       0x1c Drivers/STM32F1xx_HAL_Driver/Src/stm32f1xx_hal_cortex.o
                0x00000000080013ca                HAL_NVIC_EnableIRQ
 .text.HAL_SYSTICK_Config
                0x00000000080013e6       0x18 Drivers/STM32F1xx_HAL_Driver/Src/stm32f1xx_hal_cortex.o
                0x00000000080013e6                HAL_SYSTICK_Config
 *fill*         0x00000000080013fe        0x2 
 .text.HAL_GPIO_Init
                0x0000000008001400      0x308 Drivers/STM32F1xx_HAL_Driver/Src/stm32f1xx_hal_gpio.o
                0x0000000008001400                HAL_GPIO_Init
 .text.HAL_GPIO_WritePin
                0x0000000008001708       0x30 Drivers/STM32F1xx_HAL_Driver/Src/stm32f1xx_hal_gpio.o
                0x0000000008001708                HAL_GPIO_WritePin
 .text.HAL_GPIO_TogglePin
                0x0000000008001738       0x32 Drivers/STM32F1xx_HAL_Driver/Src/stm32f1xx_hal_gpio.o
                0x0000000008001738                HAL_GPIO_TogglePin
 *fill*         0x000000000800176a        0x2 
 .text.HAL_GPIO_EXTI_IRQHandler
                0x000000000800176c       0x30 Drivers/STM32F1xx_HAL_Driver/Src/stm32f1xx_hal_gpio.o
                0x000000000800176c                HAL_GPIO_EXTI_IRQHandler
 .text.HAL_GPIO_EXTI_Callback
                0x000000000800179c       0x14 Drivers/STM32F1xx_HAL_Driver/Src/stm32f1xx_hal_gpio.o
                0x000000000800179c                HAL_GPIO_EXTI_Callback
 .text.HAL_RCC_OscConfig
                0x00000000080017b0      0x500 Drivers/STM32F1xx_HAL_Driver/Src/stm32f1xx_hal_rcc.o
                0x00000000080017b0                HAL_RCC_OscConfig
 .text.HAL_RCC_ClockConfig
                0x0000000008001cb0      0x1d4 Drivers/STM32F1xx_HAL_Driver/Src/stm32f1xx_hal_rcc.o
                0x0000000008001cb0                HAL_RCC_ClockConfig
 .text.HAL_RCC_GetSysClockFreq
                0x0000000008001e84       0xc0 Drivers/STM32F1xx_HAL_Driver/Src/stm32f1xx_hal_rcc.o
                0x0000000008001e84                HAL_RCC_GetSysClockFreq
 .text.RCC_Delay
                0x0000000008001f44       0x3c Drivers/STM32F1xx_HAL_Driver/Src/stm32f1xx_hal_rcc.o
 .text.LL_GPIO_SetPinMode
                0x0000000008001f80       0x64 Drivers/STM32F1xx_HAL_Driver/Src/stm32f1xx_ll_gpio.o
 .text.LL_GPIO_SetPinSpeed
                0x0000000008001fe4       0x64 Drivers/STM32F1xx_HAL_Driver/Src/stm32f1xx_ll_gpio.o
 .text.LL_GPIO_SetPinOutputType
                0x0000000008002048       0x64 Drivers/STM32F1xx_HAL_Driver/Src/stm32f1xx_ll_gpio.o
 .text.LL_GPIO_SetPinPull
                0x00000000080020ac       0x44 Drivers/STM32F1xx_HAL_Driver/Src/stm32f1xx_ll_gpio.o
 .text.LL_GPIO_Init
                0x00000000080020f0       0xc4 Drivers/STM32F1xx_HAL_Driver/Src/stm32f1xx_ll_gpio.o
                0x00000000080020f0                LL_GPIO_Init
 .text.LL_RCC_GetSysClkSource
                0x00000000080021b4       0x18 Drivers/STM32F1xx_HAL_Driver/Src/stm32f1xx_ll_rcc.o
 .text.LL_RCC_GetAHBPrescaler
                0x00000000080021cc       0x18 Drivers/STM32F1xx_HAL_Driver/Src/stm32f1xx_ll_rcc.o
 .text.LL_RCC_GetAPB1Prescaler
                0x00000000080021e4       0x18 Drivers/STM32F1xx_HAL_Driver/Src/stm32f1xx_ll_rcc.o
 .text.LL_RCC_GetAPB2Prescaler
                0x00000000080021fc       0x18 Drivers/STM32F1xx_HAL_Driver/Src/stm32f1xx_ll_rcc.o
 .text.LL_RCC_PLL_GetMainSource
                0x0000000008002214       0x18 Drivers/STM32F1xx_HAL_Driver/Src/stm32f1xx_ll_rcc.o
 .text.LL_RCC_PLL_GetMultiplicator
                0x000000000800222c       0x18 Drivers/STM32F1xx_HAL_Driver/Src/stm32f1xx_ll_rcc.o
 .text.LL_RCC_PLL_GetPrediv
                0x0000000008002244       0x1c Drivers/STM32F1xx_HAL_Driver/Src/stm32f1xx_ll_rcc.o
 .text.LL_RCC_GetSystemClocksFreq
                0x0000000008002260       0x4a Drivers/STM32F1xx_HAL_Driver/Src/stm32f1xx_ll_rcc.o
                0x0000000008002260                LL_RCC_GetSystemClocksFreq
 *fill*         0x00000000080022aa        0x2 
 .text.RCC_GetSystemClockFreq
                0x00000000080022ac       0x4c Drivers/STM32F1xx_HAL_Driver/Src/stm32f1xx_ll_rcc.o
                0x00000000080022ac                RCC_GetSystemClockFreq
 .text.RCC_GetHCLKClockFreq
                0x00000000080022f8       0x2c Drivers/STM32F1xx_HAL_Driver/Src/stm32f1xx_ll_rcc.o
                0x00000000080022f8                RCC_GetHCLKClockFreq
 .text.RCC_GetPCLK1ClockFreq
                0x0000000008002324       0x28 Drivers/STM32F1xx_HAL_Driver/Src/stm32f1xx_ll_rcc.o
                0x0000000008002324                RCC_GetPCLK1ClockFreq
 .text.RCC_GetPCLK2ClockFreq
                0x000000000800234c       0x28 Drivers/STM32F1xx_HAL_Driver/Src/stm32f1xx_ll_rcc.o
                0x000000000800234c                RCC_GetPCLK2ClockFreq
 .text.RCC_PLL_GetFreqDomain_SYS
                0x0000000008002374       0x64 Drivers/STM32F1xx_HAL_Driver/Src/stm32f1xx_ll_rcc.o
                0x0000000008002374                RCC_PLL_GetFreqDomain_SYS
 .text.LL_USART_IsEnabled
                0x00000000080023d8       0x26 Drivers/STM32F1xx_HAL_Driver/Src/stm32f1xx_ll_usart.o
 .text.LL_USART_SetStopBitsLength
                0x00000000080023fe       0x24 Drivers/STM32F1xx_HAL_Driver/Src/stm32f1xx_ll_usart.o
 .text.LL_USART_SetHWFlowCtrl
                0x0000000008002422       0x24 Drivers/STM32F1xx_HAL_Driver/Src/stm32f1xx_ll_usart.o
 *fill*         0x0000000008002446        0x2 
 .text.LL_USART_SetBaudRate
                0x0000000008002448       0xbc Drivers/STM32F1xx_HAL_Driver/Src/stm32f1xx_ll_usart.o
 .text.LL_USART_Init
                0x0000000008002504       0xc0 Drivers/STM32F1xx_HAL_Driver/Src/stm32f1xx_ll_usart.o
                0x0000000008002504                LL_USART_Init
 .text.__libc_init_array
                0x00000000080025c4       0x48 e:/stm32cubeide_1.6.1/stm32cubeide/plugins/com.st.stm32cube.ide.mcu.externaltools.gnu-tools-for-stm32.9-2020-q2-update.win32_1.5.0.202011040924/tools/bin/../lib/gcc/arm-none-eabi/9.3.1/../../../../arm-none-eabi/lib/thumb/v7-m/nofp\libc_nano.a(lib_a-init.o)
                0x00000000080025c4                __libc_init_array
 .text.memset   0x000000000800260c       0x10 e:/stm32cubeide_1.6.1/stm32cubeide/plugins/com.st.stm32cube.ide.mcu.externaltools.gnu-tools-for-stm32.9-2020-q2-update.win32_1.5.0.202011040924/tools/bin/../lib/gcc/arm-none-eabi/9.3.1/../../../../arm-none-eabi/lib/thumb/v7-m/nofp\libc_nano.a(lib_a-memset.o)
                0x000000000800260c                memset
 *(.glue_7)
 .glue_7        0x000000000800261c        0x0 linker stubs
 *(.glue_7t)
 .glue_7t       0x000000000800261c        0x0 linker stubs
 *(.eh_frame)
 .eh_frame      0x000000000800261c        0x0 e:/stm32cubeide_1.6.1/stm32cubeide/plugins/com.st.stm32cube.ide.mcu.externaltools.gnu-tools-for-stm32.9-2020-q2-update.win32_1.5.0.202011040924/tools/bin/../lib/gcc/arm-none-eabi/9.3.1/thumb/v7-m/nofp/crtbegin.o
 *(.init)
 .init          0x000000000800261c        0x4 e:/stm32cubeide_1.6.1/stm32cubeide/plugins/com.st.stm32cube.ide.mcu.externaltools.gnu-tools-for-stm32.9-2020-q2-update.win32_1.5.0.202011040924/tools/bin/../lib/gcc/arm-none-eabi/9.3.1/thumb/v7-m/nofp/crti.o
                0x000000000800261c                _init
 .init          0x0000000008002620        0x8 e:/stm32cubeide_1.6.1/stm32cubeide/plugins/com.st.stm32cube.ide.mcu.externaltools.gnu-tools-for-stm32.9-2020-q2-update.win32_1.5.0.202011040924/tools/bin/../lib/gcc/arm-none-eabi/9.3.1/thumb/v7-m/nofp/crtn.o
 *(.fini)
 .fini          0x0000000008002628        0x4 e:/stm32cubeide_1.6.1/stm32cubeide/plugins/com.st.stm32cube.ide.mcu.externaltools.gnu-tools-for-stm32.9-2020-q2-update.win32_1.5.0.202011040924/tools/bin/../lib/gcc/arm-none-eabi/9.3.1/thumb/v7-m/nofp/crti.o
                0x0000000008002628                _fini
 .fini          0x000000000800262c        0x8 e:/stm32cubeide_1.6.1/stm32cubeide/plugins/com.st.stm32cube.ide.mcu.externaltools.gnu-tools-for-stm32.9-2020-q2-update.win32_1.5.0.202011040924/tools/bin/../lib/gcc/arm-none-eabi/9.3.1/thumb/v7-m/nofp/crtn.o
                0x0000000008002634                . = ALIGN (0x4)
                0x0000000008002634                _etext = .

.vfp11_veneer   0x0000000008002634        0x0
 .vfp11_veneer  0x0000000008002634        0x0 linker stubs

.v4_bx          0x0000000008002634        0x0
 .v4_bx         0x0000000008002634        0x0 linker stubs

.iplt           0x0000000008002634        0x0
 .iplt          0x0000000008002634        0x0 e:/stm32cubeide_1.6.1/stm32cubeide/plugins/com.st.stm32cube.ide.mcu.externaltools.gnu-tools-for-stm32.9-2020-q2-update.win32_1.5.0.202011040924/tools/bin/../lib/gcc/arm-none-eabi/9.3.1/thumb/v7-m/nofp/crtbegin.o

.rodata         0x0000000008002634       0x38
                0x0000000008002634                . = ALIGN (0x4)
 *(.rodata)
 .rodata        0x0000000008002634       0x10 Drivers/STM32F1xx_HAL_Driver/Src/stm32f1xx_hal_rcc.o
 *(.rodata*)
 .rodata.CHANNEL_OFFSET_TAB
                0x0000000008002644        0x7 Core/Src/LL_UART_ECHO_DMA_IDLE.o
 *fill*         0x000000000800264b        0x1 
 .rodata.AHBPrescTable
                0x000000000800264c       0x10 Core/Src/system_stm32f1xx.o
                0x000000000800264c                AHBPrescTable
 .rodata.APBPrescTable
                0x000000000800265c        0x8 Core/Src/system_stm32f1xx.o
                0x000000000800265c                APBPrescTable
 .rodata.CHANNEL_OFFSET_TAB
                0x0000000008002664        0x7 Core/Src/usart.o
                0x000000000800266c                . = ALIGN (0x4)
 *fill*         0x000000000800266b        0x1 

.rel.dyn        0x000000000800266c        0x0
 .rel.iplt      0x000000000800266c        0x0 e:/stm32cubeide_1.6.1/stm32cubeide/plugins/com.st.stm32cube.ide.mcu.externaltools.gnu-tools-for-stm32.9-2020-q2-update.win32_1.5.0.202011040924/tools/bin/../lib/gcc/arm-none-eabi/9.3.1/thumb/v7-m/nofp/crtbegin.o

.ARM.extab      0x000000000800266c        0x0
                0x000000000800266c                . = ALIGN (0x4)
 *(.ARM.extab* .gnu.linkonce.armextab.*)
                0x000000000800266c                . = ALIGN (0x4)

.ARM            0x000000000800266c        0x0
                0x000000000800266c                . = ALIGN (0x4)
                0x000000000800266c                __exidx_start = .
 *(.ARM.exidx*)
                0x000000000800266c                __exidx_end = .
                0x000000000800266c                . = ALIGN (0x4)

.preinit_array  0x000000000800266c        0x0
                0x000000000800266c                . = ALIGN (0x4)
                0x000000000800266c                PROVIDE (__preinit_array_start = .)
 *(.preinit_array*)
                0x000000000800266c                PROVIDE (__preinit_array_end = .)
                0x000000000800266c                . = ALIGN (0x4)

.init_array     0x000000000800266c        0x4
                0x000000000800266c                . = ALIGN (0x4)
                0x000000000800266c                PROVIDE (__init_array_start = .)
 *(SORT_BY_NAME(.init_array.*))
 *(.init_array*)
 .init_array    0x000000000800266c        0x4 e:/stm32cubeide_1.6.1/stm32cubeide/plugins/com.st.stm32cube.ide.mcu.externaltools.gnu-tools-for-stm32.9-2020-q2-update.win32_1.5.0.202011040924/tools/bin/../lib/gcc/arm-none-eabi/9.3.1/thumb/v7-m/nofp/crtbegin.o
                0x0000000008002670                PROVIDE (__init_array_end = .)
                0x0000000008002670                . = ALIGN (0x4)

.fini_array     0x0000000008002670        0x4
                0x0000000008002670                . = ALIGN (0x4)
                [!provide]                        PROVIDE (__fini_array_start = .)
 *(SORT_BY_NAME(.fini_array.*))
 *(.fini_array*)
 .fini_array    0x0000000008002670        0x4 e:/stm32cubeide_1.6.1/stm32cubeide/plugins/com.st.stm32cube.ide.mcu.externaltools.gnu-tools-for-stm32.9-2020-q2-update.win32_1.5.0.202011040924/tools/bin/../lib/gcc/arm-none-eabi/9.3.1/thumb/v7-m/nofp/crtbegin.o
                [!provide]                        PROVIDE (__fini_array_end = .)
                0x0000000008002674                . = ALIGN (0x4)
                0x0000000008002674                _sidata = LOADADDR (.data)

.data           0x0000000020000000       0x38 load address 0x0000000008002674
                0x0000000020000000                . = ALIGN (0x4)
                0x0000000020000000                _sdata = .
 *(.data)
 *(.data*)
 .data.InitMessage
                0x0000000020000000       0x1a Core/Src/LL_UART_ECHO_DMA_IDLE.o
                0x0000000020000000                InitMessage
 *fill*         0x000000002000001a        0x2 
 .data.ex_message
                0x000000002000001c        0xd Core/Src/main.o
                0x000000002000001c                ex_message
 *fill*         0x0000000020000029        0x3 
 .data.SystemCoreClock
                0x000000002000002c        0x4 Core/Src/system_stm32f1xx.o
                0x000000002000002c                SystemCoreClock
 .data.uwTickPrio
                0x0000000020000030        0x4 Drivers/STM32F1xx_HAL_Driver/Src/stm32f1xx_hal.o
                0x0000000020000030                uwTickPrio
 .data.uwTickFreq
                0x0000000020000034        0x1 Drivers/STM32F1xx_HAL_Driver/Src/stm32f1xx_hal.o
                0x0000000020000034                uwTickFreq
 *(.RamFunc)
 *(.RamFunc*)
                0x0000000020000038                . = ALIGN (0x4)
 *fill*         0x0000000020000035        0x3 
                0x0000000020000038                _edata = .

.igot.plt       0x0000000020000038        0x0 load address 0x00000000080026ac
 .igot.plt      0x0000000020000038        0x0 e:/stm32cubeide_1.6.1/stm32cubeide/plugins/com.st.stm32cube.ide.mcu.externaltools.gnu-tools-for-stm32.9-2020-q2-update.win32_1.5.0.202011040924/tools/bin/../lib/gcc/arm-none-eabi/9.3.1/thumb/v7-m/nofp/crtbegin.o
                0x0000000020000038                . = ALIGN (0x4)

.bss            0x0000000020000038      0x6bc load address 0x00000000080026ac
                0x0000000020000038                _sbss = .
                0x0000000020000038                __bss_start__ = _sbss
 *(.bss)
 .bss           0x0000000020000038       0x1c e:/stm32cubeide_1.6.1/stm32cubeide/plugins/com.st.stm32cube.ide.mcu.externaltools.gnu-tools-for-stm32.9-2020-q2-update.win32_1.5.0.202011040924/tools/bin/../lib/gcc/arm-none-eabi/9.3.1/thumb/v7-m/nofp/crtbegin.o
 *(.bss*)
 .bss.LedTimer.7100
                0x0000000020000054        0x4 Core/Src/main.o
 *(COMMON)
 COMMON         0x0000000020000058      0x698 Core/Src/main.o
                0x0000000020000058                rx_BUF
                0x00000000200006d0                TUART2
 COMMON         0x00000000200006f0        0x4 Drivers/STM32F1xx_HAL_Driver/Src/stm32f1xx_hal.o
                0x00000000200006f0                uwTick
                0x00000000200006f4                . = ALIGN (0x4)
                0x00000000200006f4                _ebss = .
                0x00000000200006f4                __bss_end__ = _ebss

._user_heap_stack
                0x00000000200006f4      0x604 load address 0x00000000080026ac
                0x00000000200006f8                . = ALIGN (0x8)
 *fill*         0x00000000200006f4        0x4 
                [!provide]                        PROVIDE (end = .)
                0x00000000200006f8                PROVIDE (_end = .)
                0x00000000200008f8                . = (. + _Min_Heap_Size)
 *fill*         0x00000000200006f8      0x200 
                0x0000000020000cf8                . = (. + _Min_Stack_Size)
 *fill*         0x00000000200008f8      0x400 
                0x0000000020000cf8                . = ALIGN (0x8)

/DISCARD/
 libc.a(*)
 libm.a(*)
 libgcc.a(*)

.ARM.attributes
                0x0000000000000000       0x29
 *(.ARM.attributes)
 .ARM.attributes
                0x0000000000000000       0x1d e:/stm32cubeide_1.6.1/stm32cubeide/plugins/com.st.stm32cube.ide.mcu.externaltools.gnu-tools-for-stm32.9-2020-q2-update.win32_1.5.0.202011040924/tools/bin/../lib/gcc/arm-none-eabi/9.3.1/thumb/v7-m/nofp/crti.o
 .ARM.attributes
                0x000000000000001d       0x2d e:/stm32cubeide_1.6.1/stm32cubeide/plugins/com.st.stm32cube.ide.mcu.externaltools.gnu-tools-for-stm32.9-2020-q2-update.win32_1.5.0.202011040924/tools/bin/../lib/gcc/arm-none-eabi/9.3.1/thumb/v7-m/nofp/crtbegin.o
 .ARM.attributes
                0x000000000000004a       0x2d Core/Src/LL_UART_ECHO_DMA_IDLE.o
 .ARM.attributes
                0x0000000000000077       0x2d Core/Src/dma.o
 .ARM.attributes
                0x00000000000000a4       0x2d Core/Src/gpio.o
 .ARM.attributes
                0x00000000000000d1       0x2d Core/Src/main.o
 .ARM.attributes
                0x00000000000000fe       0x2d Core/Src/stm32f1xx_hal_msp.o
 .ARM.attributes
                0x000000000000012b       0x2d Core/Src/stm32f1xx_it.o
 .ARM.attributes
                0x0000000000000158       0x2d Core/Src/system_stm32f1xx.o
 .ARM.attributes
                0x0000000000000185       0x2d Core/Src/usart.o
 .ARM.attributes
                0x00000000000001b2       0x21 Core/Startup/startup_stm32f103rbtx.o
 .ARM.attributes
                0x00000000000001d3       0x2d Drivers/STM32F1xx_HAL_Driver/Src/stm32f1xx_hal.o
 .ARM.attributes
                0x0000000000000200       0x2d Drivers/STM32F1xx_HAL_Driver/Src/stm32f1xx_hal_cortex.o
 .ARM.attributes
                0x000000000000022d       0x2d Drivers/STM32F1xx_HAL_Driver/Src/stm32f1xx_hal_gpio.o
 .ARM.attributes
                0x000000000000025a       0x2d Drivers/STM32F1xx_HAL_Driver/Src/stm32f1xx_hal_rcc.o
 .ARM.attributes
                0x0000000000000287       0x2d Drivers/STM32F1xx_HAL_Driver/Src/stm32f1xx_ll_gpio.o
 .ARM.attributes
                0x00000000000002b4       0x2d Drivers/STM32F1xx_HAL_Driver/Src/stm32f1xx_ll_rcc.o
 .ARM.attributes
                0x00000000000002e1       0x2d Drivers/STM32F1xx_HAL_Driver/Src/stm32f1xx_ll_usart.o
 .ARM.attributes
                0x000000000000030e       0x2d e:/stm32cubeide_1.6.1/stm32cubeide/plugins/com.st.stm32cube.ide.mcu.externaltools.gnu-tools-for-stm32.9-2020-q2-update.win32_1.5.0.202011040924/tools/bin/../lib/gcc/arm-none-eabi/9.3.1/../../../../arm-none-eabi/lib/thumb/v7-m/nofp\libc_nano.a(lib_a-init.o)
 .ARM.attributes
                0x000000000000033b       0x2d e:/stm32cubeide_1.6.1/stm32cubeide/plugins/com.st.stm32cube.ide.mcu.externaltools.gnu-tools-for-stm32.9-2020-q2-update.win32_1.5.0.202011040924/tools/bin/../lib/gcc/arm-none-eabi/9.3.1/../../../../arm-none-eabi/lib/thumb/v7-m/nofp\libc_nano.a(lib_a-memset.o)
 .ARM.attributes
                0x0000000000000368       0x1d e:/stm32cubeide_1.6.1/stm32cubeide/plugins/com.st.stm32cube.ide.mcu.externaltools.gnu-tools-for-stm32.9-2020-q2-update.win32_1.5.0.202011040924/tools/bin/../lib/gcc/arm-none-eabi/9.3.1/thumb/v7-m/nofp/crtn.o
OUTPUT(LL_UART_ECHO_DMA_IDLE.elf elf32-littlearm)
LOAD linker stubs
LOAD e:/stm32cubeide_1.6.1/stm32cubeide/plugins/com.st.stm32cube.ide.mcu.externaltools.gnu-tools-for-stm32.9-2020-q2-update.win32_1.5.0.202011040924/tools/bin/../lib/gcc/arm-none-eabi/9.3.1/../../../../arm-none-eabi/lib/thumb/v7-m/nofp\libc.a
LOAD e:/stm32cubeide_1.6.1/stm32cubeide/plugins/com.st.stm32cube.ide.mcu.externaltools.gnu-tools-for-stm32.9-2020-q2-update.win32_1.5.0.202011040924/tools/bin/../lib/gcc/arm-none-eabi/9.3.1/../../../../arm-none-eabi/lib/thumb/v7-m/nofp\libm.a
LOAD e:/stm32cubeide_1.6.1/stm32cubeide/plugins/com.st.stm32cube.ide.mcu.externaltools.gnu-tools-for-stm32.9-2020-q2-update.win32_1.5.0.202011040924/tools/bin/../lib/gcc/arm-none-eabi/9.3.1/thumb/v7-m/nofp\libgcc.a

.debug_info     0x0000000000000000     0x6c7b
 .debug_info    0x0000000000000000      0x800 Core/Src/LL_UART_ECHO_DMA_IDLE.o
 .debug_info    0x0000000000000800      0x8d3 Core/Src/dma.o
 .debug_info    0x00000000000010d3      0x640 Core/Src/gpio.o
 .debug_info    0x0000000000001713      0x58a Core/Src/main.o
 .debug_info    0x0000000000001c9d      0x449 Core/Src/stm32f1xx_hal_msp.o
 .debug_info    0x00000000000020e6      0x4ae Core/Src/stm32f1xx_it.o
 .debug_info    0x0000000000002594      0x2be Core/Src/system_stm32f1xx.o
 .debug_info    0x0000000000002852      0xd5c Core/Src/usart.o
 .debug_info    0x00000000000035ae       0x22 Core/Startup/startup_stm32f103rbtx.o
 .debug_info    0x00000000000035d0      0x76a Drivers/STM32F1xx_HAL_Driver/Src/stm32f1xx_hal.o
 .debug_info    0x0000000000003d3a      0xbdc Drivers/STM32F1xx_HAL_Driver/Src/stm32f1xx_hal_cortex.o
 .debug_info    0x0000000000004916      0x701 Drivers/STM32F1xx_HAL_Driver/Src/stm32f1xx_hal_gpio.o
 .debug_info    0x0000000000005017      0x88e Drivers/STM32F1xx_HAL_Driver/Src/stm32f1xx_hal_rcc.o
 .debug_info    0x00000000000058a5      0x6d3 Drivers/STM32F1xx_HAL_Driver/Src/stm32f1xx_ll_gpio.o
 .debug_info    0x0000000000005f78      0x62f Drivers/STM32F1xx_HAL_Driver/Src/stm32f1xx_ll_rcc.o
 .debug_info    0x00000000000065a7      0x6d4 Drivers/STM32F1xx_HAL_Driver/Src/stm32f1xx_ll_usart.o

.debug_abbrev   0x0000000000000000     0x1d84
 .debug_abbrev  0x0000000000000000      0x1e8 Core/Src/LL_UART_ECHO_DMA_IDLE.o
 .debug_abbrev  0x00000000000001e8      0x1f4 Core/Src/dma.o
 .debug_abbrev  0x00000000000003dc      0x171 Core/Src/gpio.o
 .debug_abbrev  0x000000000000054d      0x1d5 Core/Src/main.o
 .debug_abbrev  0x0000000000000722      0x148 Core/Src/stm32f1xx_hal_msp.o
 .debug_abbrev  0x000000000000086a      0x1c9 Core/Src/stm32f1xx_it.o
 .debug_abbrev  0x0000000000000a33      0x14e Core/Src/system_stm32f1xx.o
 .debug_abbrev  0x0000000000000b81      0x20b Core/Src/usart.o
 .debug_abbrev  0x0000000000000d8c       0x12 Core/Startup/startup_stm32f103rbtx.o
 .debug_abbrev  0x0000000000000d9e      0x1ed Drivers/STM32F1xx_HAL_Driver/Src/stm32f1xx_hal.o
 .debug_abbrev  0x0000000000000f8b      0x313 Drivers/STM32F1xx_HAL_Driver/Src/stm32f1xx_hal_cortex.o
 .debug_abbrev  0x000000000000129e      0x1e8 Drivers/STM32F1xx_HAL_Driver/Src/stm32f1xx_hal_gpio.o
 .debug_abbrev  0x0000000000001486      0x273 Drivers/STM32F1xx_HAL_Driver/Src/stm32f1xx_hal_rcc.o
 .debug_abbrev  0x00000000000016f9      0x239 Drivers/STM32F1xx_HAL_Driver/Src/stm32f1xx_ll_gpio.o
 .debug_abbrev  0x0000000000001932      0x27b Drivers/STM32F1xx_HAL_Driver/Src/stm32f1xx_ll_rcc.o
 .debug_abbrev  0x0000000000001bad      0x1d7 Drivers/STM32F1xx_HAL_Driver/Src/stm32f1xx_ll_usart.o

.debug_aranges  0x0000000000000000      0x780
 .debug_aranges
                0x0000000000000000       0xc0 Core/Src/LL_UART_ECHO_DMA_IDLE.o
 .debug_aranges
                0x00000000000000c0       0x40 Core/Src/dma.o
 .debug_aranges
                0x0000000000000100       0x20 Core/Src/gpio.o
 .debug_aranges
                0x0000000000000120       0x30 Core/Src/main.o
 .debug_aranges
                0x0000000000000150       0x20 Core/Src/stm32f1xx_hal_msp.o
 .debug_aranges
                0x0000000000000170       0xa0 Core/Src/stm32f1xx_it.o
 .debug_aranges
                0x0000000000000210       0x28 Core/Src/system_stm32f1xx.o
 .debug_aranges
                0x0000000000000238       0x98 Core/Src/usart.o
 .debug_aranges
                0x00000000000002d0       0x28 Core/Startup/startup_stm32f103rbtx.o
 .debug_aranges
                0x00000000000002f8       0xe0 Drivers/STM32F1xx_HAL_Driver/Src/stm32f1xx_hal.o
 .debug_aranges
                0x00000000000003d8      0x100 Drivers/STM32F1xx_HAL_Driver/Src/stm32f1xx_hal_cortex.o
 .debug_aranges
                0x00000000000004d8       0x58 Drivers/STM32F1xx_HAL_Driver/Src/stm32f1xx_hal_gpio.o
 .debug_aranges
                0x0000000000000530       0x90 Drivers/STM32F1xx_HAL_Driver/Src/stm32f1xx_hal_rcc.o
 .debug_aranges
                0x00000000000005c0       0x60 Drivers/STM32F1xx_HAL_Driver/Src/stm32f1xx_ll_gpio.o
 .debug_aranges
                0x0000000000000620       0xd8 Drivers/STM32F1xx_HAL_Driver/Src/stm32f1xx_ll_rcc.o
 .debug_aranges
                0x00000000000006f8       0x88 Drivers/STM32F1xx_HAL_Driver/Src/stm32f1xx_ll_usart.o

.debug_ranges   0x0000000000000000      0x688
 .debug_ranges  0x0000000000000000       0xb0 Core/Src/LL_UART_ECHO_DMA_IDLE.o
 .debug_ranges  0x00000000000000b0       0x30 Core/Src/dma.o
 .debug_ranges  0x00000000000000e0       0x10 Core/Src/gpio.o
 .debug_ranges  0x00000000000000f0       0x20 Core/Src/main.o
 .debug_ranges  0x0000000000000110       0x10 Core/Src/stm32f1xx_hal_msp.o
 .debug_ranges  0x0000000000000120       0x90 Core/Src/stm32f1xx_it.o
 .debug_ranges  0x00000000000001b0       0x18 Core/Src/system_stm32f1xx.o
 .debug_ranges  0x00000000000001c8       0x88 Core/Src/usart.o
 .debug_ranges  0x0000000000000250       0x20 Core/Startup/startup_stm32f103rbtx.o
 .debug_ranges  0x0000000000000270       0xd0 Drivers/STM32F1xx_HAL_Driver/Src/stm32f1xx_hal.o
 .debug_ranges  0x0000000000000340       0xf0 Drivers/STM32F1xx_HAL_Driver/Src/stm32f1xx_hal_cortex.o
 .debug_ranges  0x0000000000000430       0x48 Drivers/STM32F1xx_HAL_Driver/Src/stm32f1xx_hal_gpio.o
 .debug_ranges  0x0000000000000478       0x80 Drivers/STM32F1xx_HAL_Driver/Src/stm32f1xx_hal_rcc.o
 .debug_ranges  0x00000000000004f8       0x50 Drivers/STM32F1xx_HAL_Driver/Src/stm32f1xx_ll_gpio.o
 .debug_ranges  0x0000000000000548       0xc8 Drivers/STM32F1xx_HAL_Driver/Src/stm32f1xx_ll_rcc.o
 .debug_ranges  0x0000000000000610       0x78 Drivers/STM32F1xx_HAL_Driver/Src/stm32f1xx_ll_usart.o

.debug_macro    0x0000000000000000    0x17b18
 .debug_macro   0x0000000000000000      0x20a Core/Src/LL_UART_ECHO_DMA_IDLE.o
 .debug_macro   0x000000000000020a      0xaa2 Core/Src/LL_UART_ECHO_DMA_IDLE.o
 .debug_macro   0x0000000000000cac      0x215 Core/Src/LL_UART_ECHO_DMA_IDLE.o
 .debug_macro   0x0000000000000ec1       0x2e Core/Src/LL_UART_ECHO_DMA_IDLE.o
 .debug_macro   0x0000000000000eef       0x22 Core/Src/LL_UART_ECHO_DMA_IDLE.o
 .debug_macro   0x0000000000000f11       0x22 Core/Src/LL_UART_ECHO_DMA_IDLE.o
 .debug_macro   0x0000000000000f33       0x8e Core/Src/LL_UART_ECHO_DMA_IDLE.o
 .debug_macro   0x0000000000000fc1       0x51 Core/Src/LL_UART_ECHO_DMA_IDLE.o
 .debug_macro   0x0000000000001012      0x103 Core/Src/LL_UART_ECHO_DMA_IDLE.o
 .debug_macro   0x0000000000001115       0x6a Core/Src/LL_UART_ECHO_DMA_IDLE.o
 .debug_macro   0x000000000000117f      0x1df Core/Src/LL_UART_ECHO_DMA_IDLE.o
 .debug_macro   0x000000000000135e       0x1c Core/Src/LL_UART_ECHO_DMA_IDLE.o
 .debug_macro   0x000000000000137a       0x22 Core/Src/LL_UART_ECHO_DMA_IDLE.o
 .debug_macro   0x000000000000139c       0xc3 Core/Src/LL_UART_ECHO_DMA_IDLE.o
 .debug_macro   0x000000000000145f      0xd23 Core/Src/LL_UART_ECHO_DMA_IDLE.o
 .debug_macro   0x0000000000002182     0xe097 Core/Src/LL_UART_ECHO_DMA_IDLE.o
 .debug_macro   0x0000000000010219       0x43 Core/Src/LL_UART_ECHO_DMA_IDLE.o
 .debug_macro   0x000000000001025c     0x3468 Core/Src/LL_UART_ECHO_DMA_IDLE.o
 .debug_macro   0x00000000000136c4      0x174 Core/Src/LL_UART_ECHO_DMA_IDLE.o
 .debug_macro   0x0000000000013838       0x5c Core/Src/LL_UART_ECHO_DMA_IDLE.o
 .debug_macro   0x0000000000013894      0x5be Core/Src/LL_UART_ECHO_DMA_IDLE.o
 .debug_macro   0x0000000000013e52      0x289 Core/Src/LL_UART_ECHO_DMA_IDLE.o
 .debug_macro   0x00000000000140db      0x1cb Core/Src/LL_UART_ECHO_DMA_IDLE.o
 .debug_macro   0x00000000000142a6      0x114 Core/Src/LL_UART_ECHO_DMA_IDLE.o
 .debug_macro   0x00000000000143ba      0x1b2 Core/Src/LL_UART_ECHO_DMA_IDLE.o
 .debug_macro   0x000000000001456c       0x27 Core/Src/LL_UART_ECHO_DMA_IDLE.o
 .debug_macro   0x0000000000014593      0x136 Core/Src/LL_UART_ECHO_DMA_IDLE.o
 .debug_macro   0x00000000000146c9      0x1bc Core/Src/LL_UART_ECHO_DMA_IDLE.o
 .debug_macro   0x0000000000014885       0x34 Core/Src/LL_UART_ECHO_DMA_IDLE.o
 .debug_macro   0x00000000000148b9       0x3c Core/Src/LL_UART_ECHO_DMA_IDLE.o
 .debug_macro   0x00000000000148f5       0x57 Core/Src/LL_UART_ECHO_DMA_IDLE.o
 .debug_macro   0x000000000001494c       0x88 Core/Src/LL_UART_ECHO_DMA_IDLE.o
 .debug_macro   0x00000000000149d4      0x241 Core/Src/LL_UART_ECHO_DMA_IDLE.o
 .debug_macro   0x0000000000014c15      0x141 Core/Src/LL_UART_ECHO_DMA_IDLE.o
 .debug_macro   0x0000000000014d56       0x83 Core/Src/LL_UART_ECHO_DMA_IDLE.o
 .debug_macro   0x0000000000014dd9      0x1b4 Core/Src/LL_UART_ECHO_DMA_IDLE.o
 .debug_macro   0x0000000000014f8d      0x2be Core/Src/LL_UART_ECHO_DMA_IDLE.o
 .debug_macro   0x000000000001524b       0xd7 Core/Src/LL_UART_ECHO_DMA_IDLE.o
 .debug_macro   0x0000000000015322       0x74 Core/Src/LL_UART_ECHO_DMA_IDLE.o
 .debug_macro   0x0000000000015396       0xd0 Core/Src/LL_UART_ECHO_DMA_IDLE.o
 .debug_macro   0x0000000000015466       0x28 Core/Src/LL_UART_ECHO_DMA_IDLE.o
 .debug_macro   0x000000000001548e       0x2a Core/Src/LL_UART_ECHO_DMA_IDLE.o
 .debug_macro   0x00000000000154b8       0x90 Core/Src/LL_UART_ECHO_DMA_IDLE.o
 .debug_macro   0x0000000000015548      0x287 Core/Src/LL_UART_ECHO_DMA_IDLE.o
 .debug_macro   0x00000000000157cf      0x22a Core/Src/LL_UART_ECHO_DMA_IDLE.o
 .debug_macro   0x00000000000159f9       0x5e Core/Src/LL_UART_ECHO_DMA_IDLE.o
 .debug_macro   0x0000000000015a57       0x22 Core/Src/LL_UART_ECHO_DMA_IDLE.o
 .debug_macro   0x0000000000015a79      0x214 Core/Src/dma.o
 .debug_macro   0x0000000000015c8d      0x214 Core/Src/gpio.o
 .debug_macro   0x0000000000015ea1      0x228 Core/Src/main.o
 .debug_macro   0x00000000000160c9      0x20a Core/Src/stm32f1xx_hal_msp.o
 .debug_macro   0x00000000000162d3      0x214 Core/Src/stm32f1xx_it.o
 .debug_macro   0x00000000000164e7      0x184 Core/Src/system_stm32f1xx.o
 .debug_macro   0x000000000001666b      0x214 Core/Src/usart.o
 .debug_macro   0x000000000001687f      0x1a8 Drivers/STM32F1xx_HAL_Driver/Src/stm32f1xx_hal.o
 .debug_macro   0x0000000000016a27      0x184 Drivers/STM32F1xx_HAL_Driver/Src/stm32f1xx_hal_cortex.o
 .debug_macro   0x0000000000016bab      0x1ef Drivers/STM32F1xx_HAL_Driver/Src/stm32f1xx_hal_gpio.o
 .debug_macro   0x0000000000016d9a      0x196 Drivers/STM32F1xx_HAL_Driver/Src/stm32f1xx_hal_rcc.o
 .debug_macro   0x0000000000016f30      0x1c0 Drivers/STM32F1xx_HAL_Driver/Src/stm32f1xx_ll_gpio.o
 .debug_macro   0x00000000000170f0      0x224 Drivers/STM32F1xx_HAL_Driver/Src/stm32f1xx_ll_gpio.o
 .debug_macro   0x0000000000017314      0x1a5 Drivers/STM32F1xx_HAL_Driver/Src/stm32f1xx_ll_rcc.o
 .debug_macro   0x00000000000174b9      0x2b8 Drivers/STM32F1xx_HAL_Driver/Src/stm32f1xx_ll_rcc.o
 .debug_macro   0x0000000000017771      0x1f9 Drivers/STM32F1xx_HAL_Driver/Src/stm32f1xx_ll_usart.o
 .debug_macro   0x000000000001796a      0x1ae Drivers/STM32F1xx_HAL_Driver/Src/stm32f1xx_ll_usart.o

.debug_line     0x0000000000000000     0x8639
 .debug_line    0x0000000000000000      0x9c6 Core/Src/LL_UART_ECHO_DMA_IDLE.o
 .debug_line    0x00000000000009c6      0x80f Core/Src/dma.o
 .debug_line    0x00000000000011d5      0x753 Core/Src/gpio.o
 .debug_line    0x0000000000001928      0x7f6 Core/Src/main.o
 .debug_line    0x000000000000211e      0x739 Core/Src/stm32f1xx_hal_msp.o
 .debug_line    0x0000000000002857      0x8e4 Core/Src/stm32f1xx_it.o
 .debug_line    0x000000000000313b      0x6a6 Core/Src/system_stm32f1xx.o
 .debug_line    0x00000000000037e1      0x990 Core/Src/usart.o
 .debug_line    0x0000000000004171       0x84 Core/Startup/startup_stm32f103rbtx.o
 .debug_line    0x00000000000041f5      0x8d3 Drivers/STM32F1xx_HAL_Driver/Src/stm32f1xx_hal.o
 .debug_line    0x0000000000004ac8      0xabb Drivers/STM32F1xx_HAL_Driver/Src/stm32f1xx_hal_cortex.o
 .debug_line    0x0000000000005583      0x96a Drivers/STM32F1xx_HAL_Driver/Src/stm32f1xx_hal_gpio.o
 .debug_line    0x0000000000005eed      0xce1 Drivers/STM32F1xx_HAL_Driver/Src/stm32f1xx_hal_rcc.o
 .debug_line    0x0000000000006bce      0x882 Drivers/STM32F1xx_HAL_Driver/Src/stm32f1xx_ll_gpio.o
 .debug_line    0x0000000000007450      0x99c Drivers/STM32F1xx_HAL_Driver/Src/stm32f1xx_ll_rcc.o
 .debug_line    0x0000000000007dec      0x84d Drivers/STM32F1xx_HAL_Driver/Src/stm32f1xx_ll_usart.o

.debug_str      0x0000000000000000    0x81f4a
 .debug_str     0x0000000000000000    0x7fac6 Core/Src/LL_UART_ECHO_DMA_IDLE.o
                                      0x7ff3f (size before relaxing)
 .debug_str     0x000000000007fac6      0x3de Core/Src/dma.o
                                      0x8012d (size before relaxing)
 .debug_str     0x000000000007fea4       0x6f Core/Src/gpio.o
                                      0x80027 (size before relaxing)
 .debug_str     0x000000000007ff13      0x1a5 Core/Src/main.o
                                      0x7fe4f (size before relaxing)
 .debug_str     0x00000000000800b8       0x50 Core/Src/stm32f1xx_hal_msp.o
                                      0x7fd08 (size before relaxing)
 .debug_str     0x0000000000080108      0x170 Core/Src/stm32f1xx_it.o
                                      0x7fe02 (size before relaxing)
 .debug_str     0x0000000000080278       0x52 Core/Src/system_stm32f1xx.o
                                      0x7a7c9 (size before relaxing)
 .debug_str     0x00000000000802ca      0x202 Core/Src/usart.o
                                      0x803cc (size before relaxing)
 .debug_str     0x00000000000804cc       0x36 Core/Startup/startup_stm32f103rbtx.o
                                         0x5f (size before relaxing)
 .debug_str     0x0000000000080502      0x304 Drivers/STM32F1xx_HAL_Driver/Src/stm32f1xx_hal.o
                                      0x7ae5a (size before relaxing)
 .debug_str     0x0000000000080806      0x1e9 Drivers/STM32F1xx_HAL_Driver/Src/stm32f1xx_hal_cortex.o
                                      0x7ae62 (size before relaxing)
 .debug_str     0x00000000000809ef      0x324 Drivers/STM32F1xx_HAL_Driver/Src/stm32f1xx_hal_gpio.o
                                      0x7ab8d (size before relaxing)
 .debug_str     0x0000000000080d13      0x24f Drivers/STM32F1xx_HAL_Driver/Src/stm32f1xx_hal_rcc.o
                                      0x7abc6 (size before relaxing)
 .debug_str     0x0000000000080f62      0x3f4 Drivers/STM32F1xx_HAL_Driver/Src/stm32f1xx_ll_gpio.o
                                      0x7c11a (size before relaxing)
 .debug_str     0x0000000000081356      0x3a9 Drivers/STM32F1xx_HAL_Driver/Src/stm32f1xx_ll_rcc.o
                                      0x7bc85 (size before relaxing)
 .debug_str     0x00000000000816ff      0x84b Drivers/STM32F1xx_HAL_Driver/Src/stm32f1xx_ll_usart.o
                                      0x7d555 (size before relaxing)

.comment        0x0000000000000000       0x53
 .comment       0x0000000000000000       0x53 Core/Src/LL_UART_ECHO_DMA_IDLE.o
                                         0x54 (size before relaxing)
 .comment       0x0000000000000053       0x54 Core/Src/dma.o
 .comment       0x0000000000000053       0x54 Core/Src/gpio.o
 .comment       0x0000000000000053       0x54 Core/Src/main.o
 .comment       0x0000000000000053       0x54 Core/Src/stm32f1xx_hal_msp.o
 .comment       0x0000000000000053       0x54 Core/Src/stm32f1xx_it.o
 .comment       0x0000000000000053       0x54 Core/Src/system_stm32f1xx.o
 .comment       0x0000000000000053       0x54 Core/Src/usart.o
 .comment       0x0000000000000053       0x54 Drivers/STM32F1xx_HAL_Driver/Src/stm32f1xx_hal.o
 .comment       0x0000000000000053       0x54 Drivers/STM32F1xx_HAL_Driver/Src/stm32f1xx_hal_cortex.o
 .comment       0x0000000000000053       0x54 Drivers/STM32F1xx_HAL_Driver/Src/stm32f1xx_hal_gpio.o
 .comment       0x0000000000000053       0x54 Drivers/STM32F1xx_HAL_Driver/Src/stm32f1xx_hal_rcc.o
 .comment       0x0000000000000053       0x54 Drivers/STM32F1xx_HAL_Driver/Src/stm32f1xx_ll_gpio.o
 .comment       0x0000000000000053       0x54 Drivers/STM32F1xx_HAL_Driver/Src/stm32f1xx_ll_rcc.o
 .comment       0x0000000000000053       0x54 Drivers/STM32F1xx_HAL_Driver/Src/stm32f1xx_ll_usart.o

.debug_frame    0x0000000000000000     0x1be8
 .debug_frame   0x0000000000000000      0x354 Core/Src/LL_UART_ECHO_DMA_IDLE.o
 .debug_frame   0x0000000000000354       0xcc Core/Src/dma.o
 .debug_frame   0x0000000000000420       0x34 Core/Src/gpio.o
 .debug_frame   0x0000000000000454       0x6c Core/Src/main.o
 .debug_frame   0x00000000000004c0       0x38 Core/Src/stm32f1xx_hal_msp.o
 .debug_frame   0x00000000000004f8      0x214 Core/Src/stm32f1xx_it.o
 .debug_frame   0x000000000000070c       0x58 Core/Src/system_stm32f1xx.o
 .debug_frame   0x0000000000000764      0x284 Core/Src/usart.o
 .debug_frame   0x00000000000009e8      0x334 Drivers/STM32F1xx_HAL_Driver/Src/stm32f1xx_hal.o
 .debug_frame   0x0000000000000d1c      0x428 Drivers/STM32F1xx_HAL_Driver/Src/stm32f1xx_hal_cortex.o
 .debug_frame   0x0000000000001144      0x14c Drivers/STM32F1xx_HAL_Driver/Src/stm32f1xx_hal_gpio.o
 .debug_frame   0x0000000000001290      0x21c Drivers/STM32F1xx_HAL_Driver/Src/stm32f1xx_hal_rcc.o
 .debug_frame   0x00000000000014ac      0x170 Drivers/STM32F1xx_HAL_Driver/Src/stm32f1xx_ll_gpio.o
 .debug_frame   0x000000000000161c      0x34c Drivers/STM32F1xx_HAL_Driver/Src/stm32f1xx_ll_rcc.o
 .debug_frame   0x0000000000001968      0x234 Drivers/STM32F1xx_HAL_Driver/Src/stm32f1xx_ll_usart.o
 .debug_frame   0x0000000000001b9c       0x2c e:/stm32cubeide_1.6.1/stm32cubeide/plugins/com.st.stm32cube.ide.mcu.externaltools.gnu-tools-for-stm32.9-2020-q2-update.win32_1.5.0.202011040924/tools/bin/../lib/gcc/arm-none-eabi/9.3.1/../../../../arm-none-eabi/lib/thumb/v7-m/nofp\libc_nano.a(lib_a-init.o)
 .debug_frame   0x0000000000001bc8       0x20 e:/stm32cubeide_1.6.1/stm32cubeide/plugins/com.st.stm32cube.ide.mcu.externaltools.gnu-tools-for-stm32.9-2020-q2-update.win32_1.5.0.202011040924/tools/bin/../lib/gcc/arm-none-eabi/9.3.1/../../../../arm-none-eabi/lib/thumb/v7-m/nofp\libc_nano.a(lib_a-memset.o)
