Archive member included to satisfy reference by file (symbol)

e:/stm32cubeide_1.6.1/stm32cubeide/plugins/com.st.stm32cube.ide.mcu.externaltools.gnu-tools-for-stm32.9-2020-q2-update.win32_1.5.0.202011040924/tools/bin/../lib/gcc/arm-none-eabi/9.3.1/../../../../arm-none-eabi/lib/thumb/v7-m/nofp\libc_nano.a(lib_a-errno.o)
                              Core/Src/syscalls.o (__errno)
e:/stm32cubeide_1.6.1/stm32cubeide/plugins/com.st.stm32cube.ide.mcu.externaltools.gnu-tools-for-stm32.9-2020-q2-update.win32_1.5.0.202011040924/tools/bin/../lib/gcc/arm-none-eabi/9.3.1/../../../../arm-none-eabi/lib/thumb/v7-m/nofp\libc_nano.a(lib_a-exit.o)
                              e:/stm32cubeide_1.6.1/stm32cubeide/plugins/com.st.stm32cube.ide.mcu.externaltools.gnu-tools-for-stm32.9-2020-q2-update.win32_1.5.0.202011040924/tools/bin/../lib/gcc/arm-none-eabi/9.3.1/../../../../arm-none-eabi/lib/thumb/v7-m/nofp/crt0.o (exit)
e:/stm32cubeide_1.6.1/stm32cubeide/plugins/com.st.stm32cube.ide.mcu.externaltools.gnu-tools-for-stm32.9-2020-q2-update.win32_1.5.0.202011040924/tools/bin/../lib/gcc/arm-none-eabi/9.3.1/../../../../arm-none-eabi/lib/thumb/v7-m/nofp\libc_nano.a(lib_a-impure.o)
                              e:/stm32cubeide_1.6.1/stm32cubeide/plugins/com.st.stm32cube.ide.mcu.externaltools.gnu-tools-for-stm32.9-2020-q2-update.win32_1.5.0.202011040924/tools/bin/../lib/gcc/arm-none-eabi/9.3.1/../../../../arm-none-eabi/lib/thumb/v7-m/nofp\libc_nano.a(lib_a-exit.o) (_global_impure_ptr)
e:/stm32cubeide_1.6.1/stm32cubeide/plugins/com.st.stm32cube.ide.mcu.externaltools.gnu-tools-for-stm32.9-2020-q2-update.win32_1.5.0.202011040924/tools/bin/../lib/gcc/arm-none-eabi/9.3.1/../../../../arm-none-eabi/lib/thumb/v7-m/nofp\libc_nano.a(lib_a-init.o)
                              e:/stm32cubeide_1.6.1/stm32cubeide/plugins/com.st.stm32cube.ide.mcu.externaltools.gnu-tools-for-stm32.9-2020-q2-update.win32_1.5.0.202011040924/tools/bin/../lib/gcc/arm-none-eabi/9.3.1/../../../../arm-none-eabi/lib/thumb/v7-m/nofp/crt0.o (__libc_init_array)
e:/stm32cubeide_1.6.1/stm32cubeide/plugins/com.st.stm32cube.ide.mcu.externaltools.gnu-tools-for-stm32.9-2020-q2-update.win32_1.5.0.202011040924/tools/bin/../lib/gcc/arm-none-eabi/9.3.1/../../../../arm-none-eabi/lib/thumb/v7-m/nofp\libc_nano.a(lib_a-memset.o)
                              e:/stm32cubeide_1.6.1/stm32cubeide/plugins/com.st.stm32cube.ide.mcu.externaltools.gnu-tools-for-stm32.9-2020-q2-update.win32_1.5.0.202011040924/tools/bin/../lib/gcc/arm-none-eabi/9.3.1/../../../../arm-none-eabi/lib/thumb/v7-m/nofp/crt0.o (memset)

Allocating common symbols
Common symbol       size              file

uwTick              0x4               Drivers/STM32F1xx_HAL_Driver/Src/stm32f1xx_hal.o
pFlash              0x20              Drivers/STM32F1xx_HAL_Driver/Src/stm32f1xx_hal_flash.o
rx_BUF              0x677             Core/Src/main.o
TUART2              0x24              Core/Src/main.o
tx_BUF              0x3e8             Core/Src/main.o

Discarded input sections

 .text          0x0000000000000000        0x0 e:/stm32cubeide_1.6.1/stm32cubeide/plugins/com.st.stm32cube.ide.mcu.externaltools.gnu-tools-for-stm32.9-2020-q2-update.win32_1.5.0.202011040924/tools/bin/../lib/gcc/arm-none-eabi/9.3.1/thumb/v7-m/nofp/crti.o
 .data          0x0000000000000000        0x0 e:/stm32cubeide_1.6.1/stm32cubeide/plugins/com.st.stm32cube.ide.mcu.externaltools.gnu-tools-for-stm32.9-2020-q2-update.win32_1.5.0.202011040924/tools/bin/../lib/gcc/arm-none-eabi/9.3.1/thumb/v7-m/nofp/crti.o
 .bss           0x0000000000000000        0x0 e:/stm32cubeide_1.6.1/stm32cubeide/plugins/com.st.stm32cube.ide.mcu.externaltools.gnu-tools-for-stm32.9-2020-q2-update.win32_1.5.0.202011040924/tools/bin/../lib/gcc/arm-none-eabi/9.3.1/thumb/v7-m/nofp/crti.o
 .data          0x0000000000000000        0x4 e:/stm32cubeide_1.6.1/stm32cubeide/plugins/com.st.stm32cube.ide.mcu.externaltools.gnu-tools-for-stm32.9-2020-q2-update.win32_1.5.0.202011040924/tools/bin/../lib/gcc/arm-none-eabi/9.3.1/thumb/v7-m/nofp/crtbegin.o
 .text          0x0000000000000000       0x7c e:/stm32cubeide_1.6.1/stm32cubeide/plugins/com.st.stm32cube.ide.mcu.externaltools.gnu-tools-for-stm32.9-2020-q2-update.win32_1.5.0.202011040924/tools/bin/../lib/gcc/arm-none-eabi/9.3.1/../../../../arm-none-eabi/lib/thumb/v7-m/nofp/crt0.o
 .data          0x0000000000000000        0x0 e:/stm32cubeide_1.6.1/stm32cubeide/plugins/com.st.stm32cube.ide.mcu.externaltools.gnu-tools-for-stm32.9-2020-q2-update.win32_1.5.0.202011040924/tools/bin/../lib/gcc/arm-none-eabi/9.3.1/../../../../arm-none-eabi/lib/thumb/v7-m/nofp/crt0.o
 .bss           0x0000000000000000        0x0 e:/stm32cubeide_1.6.1/stm32cubeide/plugins/com.st.stm32cube.ide.mcu.externaltools.gnu-tools-for-stm32.9-2020-q2-update.win32_1.5.0.202011040924/tools/bin/../lib/gcc/arm-none-eabi/9.3.1/../../../../arm-none-eabi/lib/thumb/v7-m/nofp/crt0.o
[...]
Memory Configuration

Name             Origin             Length             Attributes
RAM              0x0000000020000000 0x0000000000005000 xrw
FLASH            0x0000000008000000 0x0000000000020000 xr
*default*        0x0000000000000000 0xffffffffffffffff

Linker script and memory map

LOAD e:/stm32cubeide_1.6.1/stm32cubeide/plugins/com.st.stm32cube.ide.mcu.externaltools.gnu-tools-for-stm32.9-2020-q2-update.win32_1.5.0.202011040924/tools/bin/../lib/gcc/arm-none-eabi/9.3.1/thumb/v7-m/nofp/crti.o
LOAD e:/stm32cubeide_1.6.1/stm32cubeide/plugins/com.st.stm32cube.ide.mcu.externaltools.gnu-tools-for-stm32.9-2020-q2-update.win32_1.5.0.202011040924/tools/bin/../lib/gcc/arm-none-eabi/9.3.1/thumb/v7-m/nofp/crtbegin.o
LOAD e:/stm32cubeide_1.6.1/stm32cubeide/plugins/com.st.stm32cube.ide.mcu.externaltools.gnu-tools-for-stm32.9-2020-q2-update.win32_1.5.0.202011040924/tools/bin/../lib/gcc/arm-none-eabi/9.3.1/../../../../arm-none-eabi/lib/thumb/v7-m/nofp/crt0.o
LOAD Core/Src/LL_UART_ECHO_DMA_IDLE.o
LOAD Core/Src/dma.o
LOAD Core/Src/gpio.o
LOAD Core/Src/main.o
LOAD Core/Src/stm32f1xx_hal_msp.o
LOAD Core/Src/stm32f1xx_it.o
LOAD Core/Src/syscalls.o
LOAD Core/Src/sysmem.o
LOAD Core/Src/system_stm32f1xx.o
LOAD Core/Src/usart.o
LOAD Core/Startup/startup_stm32f103rbtx.o
LOAD Drivers/STM32F1xx_HAL_Driver/Src/stm32f1xx_hal.o
LOAD Drivers/STM32F1xx_HAL_Driver/Src/stm32f1xx_hal_cortex.o
LOAD Drivers/STM32F1xx_HAL_Driver/Src/stm32f1xx_hal_dma.o
LOAD Drivers/STM32F1xx_HAL_Driver/Src/stm32f1xx_hal_exti.o
LOAD Drivers/STM32F1xx_HAL_Driver/Src/stm32f1xx_hal_flash.o
LOAD Drivers/STM32F1xx_HAL_Driver/Src/stm32f1xx_hal_flash_ex.o
LOAD Drivers/STM32F1xx_HAL_Driver/Src/stm32f1xx_hal_gpio.o
LOAD Drivers/STM32F1xx_HAL_Driver/Src/stm32f1xx_hal_gpio_ex.o
LOAD Drivers/STM32F1xx_HAL_Driver/Src/stm32f1xx_hal_pwr.o
LOAD Drivers/STM32F1xx_HAL_Driver/Src/stm32f1xx_hal_rcc.o
LOAD Drivers/STM32F1xx_HAL_Driver/Src/stm32f1xx_hal_rcc_ex.o
LOAD Drivers/STM32F1xx_HAL_Driver/Src/stm32f1xx_hal_tim.o
LOAD Drivers/STM32F1xx_HAL_Driver/Src/stm32f1xx_hal_tim_ex.o
LOAD Drivers/STM32F1xx_HAL_Driver/Src/stm32f1xx_ll_dma.o
LOAD Drivers/STM32F1xx_HAL_Driver/Src/stm32f1xx_ll_exti.o
LOAD Drivers/STM32F1xx_HAL_Driver/Src/stm32f1xx_ll_gpio.o
LOAD Drivers/STM32F1xx_HAL_Driver/Src/stm32f1xx_ll_rcc.o
LOAD Drivers/STM32F1xx_HAL_Driver/Src/stm32f1xx_ll_usart.o
LOAD Drivers/STM32F1xx_HAL_Driver/Src/stm32f1xx_ll_utils.o
START GROUP
LOAD e:/stm32cubeide_1.6.1/stm32cubeide/plugins/com.st.stm32cube.ide.mcu.externaltools.gnu-tools-for-stm32.9-2020-q2-update.win32_1.5.0.202011040924/tools/bin/../lib/gcc/arm-none-eabi/9.3.1/../../../../arm-none-eabi/lib/thumb/v7-m/nofp\libc_nano.a
LOAD e:/stm32cubeide_1.6.1/stm32cubeide/plugins/com.st.stm32cube.ide.mcu.externaltools.gnu-tools-for-stm32.9-2020-q2-update.win32_1.5.0.202011040924/tools/bin/../lib/gcc/arm-none-eabi/9.3.1/../../../../arm-none-eabi/lib/thumb/v7-m/nofp\libm.a
END GROUP
START GROUP
LOAD e:/stm32cubeide_1.6.1/stm32cubeide/plugins/com.st.stm32cube.ide.mcu.externaltools.gnu-tools-for-stm32.9-2020-q2-update.win32_1.5.0.202011040924/tools/bin/../lib/gcc/arm-none-eabi/9.3.1/thumb/v7-m/nofp\libgcc.a
LOAD e:/stm32cubeide_1.6.1/stm32cubeide/plugins/com.st.stm32cube.ide.mcu.externaltools.gnu-tools-for-stm32.9-2020-q2-update.win32_1.5.0.202011040924/tools/bin/../lib/gcc/arm-none-eabi/9.3.1/../../../../arm-none-eabi/lib/thumb/v7-m/nofp\libc_nano.a
END GROUP
START GROUP
LOAD e:/stm32cubeide_1.6.1/stm32cubeide/plugins/com.st.stm32cube.ide.mcu.externaltools.gnu-tools-for-stm32.9-2020-q2-update.win32_1.5.0.202011040924/tools/bin/../lib/gcc/arm-none-eabi/9.3.1/thumb/v7-m/nofp\libgcc.a
LOAD e:/stm32cubeide_1.6.1/stm32cubeide/plugins/com.st.stm32cube.ide.mcu.externaltools.gnu-tools-for-stm32.9-2020-q2-update.win32_1.5.0.202011040924/tools/bin/../lib/gcc/arm-none-eabi/9.3.1/../../../../arm-none-eabi/lib/thumb/v7-m/nofp\libc_nano.a
LOAD e:/stm32cubeide_1.6.1/stm32cubeide/plugins/com.st.stm32cube.ide.mcu.externaltools.gnu-tools-for-stm32.9-2020-q2-update.win32_1.5.0.202011040924/tools/bin/../lib/gcc/arm-none-eabi/9.3.1/../../../../arm-none-eabi/lib/thumb/v7-m/nofp\libnosys.a
END GROUP
START GROUP
LOAD e:/stm32cubeide_1.6.1/stm32cubeide/plugins/com.st.stm32cube.ide.mcu.externaltools.gnu-tools-for-stm32.9-2020-q2-update.win32_1.5.0.202011040924/tools/bin/../lib/gcc/arm-none-eabi/9.3.1/thumb/v7-m/nofp\libgcc.a
LOAD e:/stm32cubeide_1.6.1/stm32cubeide/plugins/com.st.stm32cube.ide.mcu.externaltools.gnu-tools-for-stm32.9-2020-q2-update.win32_1.5.0.202011040924/tools/bin/../lib/gcc/arm-none-eabi/9.3.1/../../../../arm-none-eabi/lib/thumb/v7-m/nofp\libc_nano.a
LOAD e:/stm32cubeide_1.6.1/stm32cubeide/plugins/com.st.stm32cube.ide.mcu.externaltools.gnu-tools-for-stm32.9-2020-q2-update.win32_1.5.0.202011040924/tools/bin/../lib/gcc/arm-none-eabi/9.3.1/../../../../arm-none-eabi/lib/thumb/v7-m/nofp\libnosys.a
END GROUP
LOAD e:/stm32cubeide_1.6.1/stm32cubeide/plugins/com.st.stm32cube.ide.mcu.externaltools.gnu-tools-for-stm32.9-2020-q2-update.win32_1.5.0.202011040924/tools/bin/../lib/gcc/arm-none-eabi/9.3.1/thumb/v7-m/nofp/crtend.o
LOAD e:/stm32cubeide_1.6.1/stm32cubeide/plugins/com.st.stm32cube.ide.mcu.externaltools.gnu-tools-for-stm32.9-2020-q2-update.win32_1.5.0.202011040924/tools/bin/../lib/gcc/arm-none-eabi/9.3.1/thumb/v7-m/nofp/crtn.o
                0x0000000020005000                _estack = (ORIGIN (RAM) + LENGTH (RAM))
                0x0000000000000200                _Min_Heap_Size = 0x200
                0x0000000000000400                _Min_Stack_Size = 0x400

.isr_vector     0x0000000008000000      0x10c
                0x0000000008000000                . = ALIGN (0x4)
 *(.isr_vector)
 .isr_vector    0x0000000008000000      0x10c Core/Startup/startup_stm32f103rbtx.o
                0x0000000008000000                g_pfnVectors
                0x000000000800010c                . = ALIGN (0x4)

.text           0x000000000800010c     0x2604
                0x000000000800010c                . = ALIGN (0x4)
 *(.text)
 .text          0x000000000800010c       0x40 e:/stm32cubeide_1.6.1/stm32cubeide/plugins/com.st.stm32cube.ide.mcu.externaltools.gnu-tools-for-stm32.9-2020-q2-update.win32_1.5.0.202011040924/tools/bin/../lib/gcc/arm-none-eabi/9.3.1/thumb/v7-m/nofp/crtbegin.o
 *(.text*)
 .text.LL_USART_IsActiveFlag_IDLE
                0x000000000800014c       0x24 Core/Src/LL_UART_ECHO_DMA_IDLE.o
 .text.LL_USART_ClearFlag_IDLE
                0x0000000008000170       0x22 Core/Src/LL_UART_ECHO_DMA_IDLE.o
 .text.LL_USART_EnableIT_IDLE
                0x0000000008000192       0x1e Core/Src/LL_UART_ECHO_DMA_IDLE.o
 .text.LL_USART_EnableDMAReq_RX
                0x00000000080001b0       0x1e Core/Src/LL_UART_ECHO_DMA_IDLE.o
 .text.LL_USART_EnableDMAReq_TX
                0x00000000080001ce       0x1e Core/Src/LL_UART_ECHO_DMA_IDLE.o
 .text.LL_USART_DMA_GetRegAddr
                0x00000000080001ec       0x16 Core/Src/LL_UART_ECHO_DMA_IDLE.o
 *fill*         0x0000000008000202        0x2 
 .text.LL_DMA_EnableChannel
                0x0000000008000204       0x3c Core/Src/LL_UART_ECHO_DMA_IDLE.o
 .text.LL_DMA_DisableChannel
                0x0000000008000240       0x3c Core/Src/LL_UART_ECHO_DMA_IDLE.o
 .text.LL_DMA_ConfigTransfer
                0x000000000800027c       0x48 Core/Src/LL_UART_ECHO_DMA_IDLE.o
 .text.LL_DMA_GetDataTransferDirection
                0x00000000080002c4       0x30 Core/Src/LL_UART_ECHO_DMA_IDLE.o
 .text.LL_DMA_SetDataLength
                0x00000000080002f4       0x44 Core/Src/LL_UART_ECHO_DMA_IDLE.o
 .text.LL_DMA_GetDataLength
                0x0000000008000338       0x2c Core/Src/LL_UART_ECHO_DMA_IDLE.o
 .text.LL_DMA_ConfigAddresses
                0x0000000008000364       0x74 Core/Src/LL_UART_ECHO_DMA_IDLE.o
 .text.LL_DMA_EnableIT_TC
                0x00000000080003d8       0x3c Core/Src/LL_UART_ECHO_DMA_IDLE.o
 .text.Init_LL_USART_IDLE
                0x0000000008000414       0x84 Core/Src/LL_UART_ECHO_DMA_IDLE.o
                0x0000000008000414                Init_LL_USART_IDLE
 .text.TUART_DMA_Trasmit
                0x0000000008000498       0xcc Core/Src/LL_UART_ECHO_DMA_IDLE.o
                0x0000000008000498                TUART_DMA_Trasmit
 .text.StartTransfers
                0x0000000008000564       0x4c Core/Src/LL_UART_ECHO_DMA_IDLE.o
                0x0000000008000564                StartTransfers
 .text.Configure_DMA
                0x00000000080005b0       0xc0 Core/Src/LL_UART_ECHO_DMA_IDLE.o
                0x00000000080005b0                Configure_DMA
 .text.USART_IDLE_CallBack
                0x0000000008000670       0x30 Core/Src/LL_UART_ECHO_DMA_IDLE.o
                0x0000000008000670                USART_IDLE_CallBack
 .text.UART_DMA_ReceiveComplete_Callback
                0x00000000080006a0       0x5c Core/Src/LL_UART_ECHO_DMA_IDLE.o
                0x00000000080006a0                UART_DMA_ReceiveComplete_Callback
 .text.UART_DMA_TransmitComplete_Callback
                0x00000000080006fc       0x18 Core/Src/LL_UART_ECHO_DMA_IDLE.o
                0x00000000080006fc                UART_DMA_TransmitComplete_Callback
 .text.__NVIC_GetPriorityGrouping
                0x0000000008000714       0x1c Core/Src/dma.o
 .text.__NVIC_EnableIRQ
                0x0000000008000730       0x38 Core/Src/dma.o
 .text.__NVIC_SetPriority
                0x0000000008000768       0x54 Core/Src/dma.o
 .text.NVIC_EncodePriority
                0x00000000080007bc       0x64 Core/Src/dma.o
 .text.MX_DMA_Init
                0x0000000008000820       0x6c Core/Src/dma.o
                0x0000000008000820                MX_DMA_Init
 .text.MX_GPIO_Init
                0x000000000800088c       0xdc Core/Src/gpio.o
                0x000000000800088c                MX_GPIO_Init
 .text.main     0x0000000008000968      0x110 Core/Src/main.o
                0x0000000008000968                main
 .text.SystemClock_Config
                0x0000000008000a78       0x82 Core/Src/main.o
                0x0000000008000a78                SystemClock_Config
 .text.Error_Handler
                0x0000000008000afa        0xa Core/Src/main.o
                0x0000000008000afa                Error_Handler
 .text.HAL_MspInit
                0x0000000008000b04       0x64 Core/Src/stm32f1xx_hal_msp.o
                0x0000000008000b04                HAL_MspInit
 .text.LL_DMA_IsActiveFlag_TC6
                0x0000000008000b68       0x26 Core/Src/stm32f1xx_it.o
 .text.LL_DMA_IsActiveFlag_TC7
                0x0000000008000b8e       0x26 Core/Src/stm32f1xx_it.o
 .text.LL_DMA_ClearFlag_GI6
                0x0000000008000bb4       0x1a Core/Src/stm32f1xx_it.o
 .text.LL_DMA_ClearFlag_GI7
                0x0000000008000bce       0x1a Core/Src/stm32f1xx_it.o
 .text.NMI_Handler
                0x0000000008000be8        0x6 Core/Src/stm32f1xx_it.o
                0x0000000008000be8                NMI_Handler
 .text.HardFault_Handler
                0x0000000008000bee        0x6 Core/Src/stm32f1xx_it.o
                0x0000000008000bee                HardFault_Handler
 .text.MemManage_Handler
                0x0000000008000bf4        0x6 Core/Src/stm32f1xx_it.o
                0x0000000008000bf4                MemManage_Handler
 .text.BusFault_Handler
                0x0000000008000bfa        0x6 Core/Src/stm32f1xx_it.o
                0x0000000008000bfa                BusFault_Handler
 .text.UsageFault_Handler
                0x0000000008000c00        0x6 Core/Src/stm32f1xx_it.o
                0x0000000008000c00                UsageFault_Handler
 .text.SVC_Handler
                0x0000000008000c06        0xc Core/Src/stm32f1xx_it.o
                0x0000000008000c06                SVC_Handler
 .text.DebugMon_Handler
                0x0000000008000c12        0xc Core/Src/stm32f1xx_it.o
                0x0000000008000c12                DebugMon_Handler
 .text.PendSV_Handler
                0x0000000008000c1e        0xc Core/Src/stm32f1xx_it.o
                0x0000000008000c1e                PendSV_Handler
 .text.SysTick_Handler
                0x0000000008000c2a        0xc Core/Src/stm32f1xx_it.o
                0x0000000008000c2a                SysTick_Handler
 *fill*         0x0000000008000c36        0x2 
 .text.DMA1_Channel6_IRQHandler
                0x0000000008000c38       0x28 Core/Src/stm32f1xx_it.o
                0x0000000008000c38                DMA1_Channel6_IRQHandler
 .text.DMA1_Channel7_IRQHandler
                0x0000000008000c60       0x28 Core/Src/stm32f1xx_it.o
                0x0000000008000c60                DMA1_Channel7_IRQHandler
 .text.USART2_IRQHandler
                0x0000000008000c88       0x14 Core/Src/stm32f1xx_it.o
                0x0000000008000c88                USART2_IRQHandler
 .text.EXTI15_10_IRQHandler
                0x0000000008000c9c       0x10 Core/Src/stm32f1xx_it.o
                0x0000000008000c9c                EXTI15_10_IRQHandler
 .text.SystemInit
                0x0000000008000cac        0xc Core/Src/system_stm32f1xx.o
                0x0000000008000cac                SystemInit
 .text.__NVIC_GetPriorityGrouping
                0x0000000008000cb8       0x1c Core/Src/usart.o
 .text.__NVIC_EnableIRQ
                0x0000000008000cd4       0x38 Core/Src/usart.o
 .text.__NVIC_SetPriority
                0x0000000008000d0c       0x54 Core/Src/usart.o
 .text.NVIC_EncodePriority
                0x0000000008000d60       0x64 Core/Src/usart.o
 .text.LL_USART_Enable
                0x0000000008000dc4       0x1e Core/Src/usart.o
 .text.LL_USART_ConfigAsyncMode
                0x0000000008000de2       0x2a Core/Src/usart.o
 .text.LL_APB1_GRP1_EnableClock
                0x0000000008000e0c       0x30 Core/Src/usart.o
 .text.LL_APB2_GRP1_EnableClock
                0x0000000008000e3c       0x30 Core/Src/usart.o
 .text.LL_DMA_SetDataTransferDirection
                0x0000000008000e6c       0x48 Core/Src/usart.o
 .text.LL_DMA_SetMode
                0x0000000008000eb4       0x44 Core/Src/usart.o
 .text.LL_DMA_SetPeriphIncMode
                0x0000000008000ef8       0x44 Core/Src/usart.o
 .text.LL_DMA_SetMemoryIncMode
                0x0000000008000f3c       0x44 Core/Src/usart.o
 .text.LL_DMA_SetPeriphSize
                0x0000000008000f80       0x44 Core/Src/usart.o
 .text.LL_DMA_SetMemorySize
                0x0000000008000fc4       0x44 Core/Src/usart.o
 .text.LL_DMA_SetChannelPriorityLevel
                0x0000000008001008       0x44 Core/Src/usart.o
 .text.MX_USART2_UART_Init
                0x000000000800104c      0x15c Core/Src/usart.o
                0x000000000800104c                MX_USART2_UART_Init
 .text.Reset_Handler
                0x00000000080011a8       0x48 Core/Startup/startup_stm32f103rbtx.o
                0x00000000080011a8                Reset_Handler
 .text.Default_Handler
                0x00000000080011f0        0x2 Core/Startup/startup_stm32f103rbtx.o
                0x00000000080011f0                RTC_Alarm_IRQHandler
                0x00000000080011f0                EXTI2_IRQHandler
                0x00000000080011f0                TIM1_CC_IRQHandler
                0x00000000080011f0                PVD_IRQHandler
                0x00000000080011f0                EXTI3_IRQHandler
                0x00000000080011f0                EXTI0_IRQHandler
                0x00000000080011f0                I2C2_EV_IRQHandler
                0x00000000080011f0                ADC1_2_IRQHandler
                0x00000000080011f0                SPI1_IRQHandler
                0x00000000080011f0                TAMPER_IRQHandler
                0x00000000080011f0                DMA1_Channel4_IRQHandler
                0x00000000080011f0                USART3_IRQHandler
                0x00000000080011f0                RTC_IRQHandler
                0x00000000080011f0                CAN1_RX1_IRQHandler
                0x00000000080011f0                TIM4_IRQHandler
                0x00000000080011f0                I2C1_EV_IRQHandler
                0x00000000080011f0                TIM3_IRQHandler
                0x00000000080011f0                RCC_IRQHandler
                0x00000000080011f0                TIM1_TRG_COM_IRQHandler
                0x00000000080011f0                DMA1_Channel1_IRQHandler
                0x00000000080011f0                Default_Handler
                0x00000000080011f0                EXTI9_5_IRQHandler
                0x00000000080011f0                SPI2_IRQHandler
                0x00000000080011f0                DMA1_Channel5_IRQHandler
                0x00000000080011f0                EXTI4_IRQHandler
                0x00000000080011f0                USB_LP_CAN1_RX0_IRQHandler
                0x00000000080011f0                USB_HP_CAN1_TX_IRQHandler
                0x00000000080011f0                DMA1_Channel3_IRQHandler
                0x00000000080011f0                TIM1_UP_IRQHandler
                0x00000000080011f0                WWDG_IRQHandler
                0x00000000080011f0                TIM2_IRQHandler
                0x00000000080011f0                TIM1_BRK_IRQHandler
                0x00000000080011f0                EXTI1_IRQHandler
                0x00000000080011f0                I2C2_ER_IRQHandler
                0x00000000080011f0                DMA1_Channel2_IRQHandler
                0x00000000080011f0                CAN1_SCE_IRQHandler
                0x00000000080011f0                FLASH_IRQHandler
                0x00000000080011f0                USART1_IRQHandler
                0x00000000080011f0                I2C1_ER_IRQHandler
                0x00000000080011f0                USBWakeUp_IRQHandler
 *fill*         0x00000000080011f2        0x2 
 .text.HAL_Init
                0x00000000080011f4       0x2c Drivers/STM32F1xx_HAL_Driver/Src/stm32f1xx_hal.o
                0x00000000080011f4                HAL_Init
 .text.HAL_InitTick
                0x0000000008001220       0x60 Drivers/STM32F1xx_HAL_Driver/Src/stm32f1xx_hal.o
                0x0000000008001220                HAL_InitTick
 .text.HAL_IncTick
                0x0000000008001280       0x24 Drivers/STM32F1xx_HAL_Driver/Src/stm32f1xx_hal.o
                0x0000000008001280                HAL_IncTick
 .text.HAL_GetTick
                0x00000000080012a4       0x14 Drivers/STM32F1xx_HAL_Driver/Src/stm32f1xx_hal.o
                0x00000000080012a4                HAL_GetTick
 .text.__NVIC_SetPriorityGrouping
                0x00000000080012b8       0x48 Drivers/STM32F1xx_HAL_Driver/Src/stm32f1xx_hal_cortex.o
 .text.__NVIC_GetPriorityGrouping
                0x0000000008001300       0x1c Drivers/STM32F1xx_HAL_Driver/Src/stm32f1xx_hal_cortex.o
 .text.__NVIC_EnableIRQ
                0x000000000800131c       0x38 Drivers/STM32F1xx_HAL_Driver/Src/stm32f1xx_hal_cortex.o
 .text.__NVIC_SetPriority
                0x0000000008001354       0x54 Drivers/STM32F1xx_HAL_Driver/Src/stm32f1xx_hal_cortex.o
 .text.NVIC_EncodePriority
                0x00000000080013a8       0x64 Drivers/STM32F1xx_HAL_Driver/Src/stm32f1xx_hal_cortex.o
 .text.SysTick_Config
                0x000000000800140c       0x44 Drivers/STM32F1xx_HAL_Driver/Src/stm32f1xx_hal_cortex.o
 .text.HAL_NVIC_SetPriorityGrouping
                0x0000000008001450       0x16 Drivers/STM32F1xx_HAL_Driver/Src/stm32f1xx_hal_cortex.o
                0x0000000008001450                HAL_NVIC_SetPriorityGrouping
 .text.HAL_NVIC_SetPriority
                0x0000000008001466       0x38 Drivers/STM32F1xx_HAL_Driver/Src/stm32f1xx_hal_cortex.o
                0x0000000008001466                HAL_NVIC_SetPriority
 .text.HAL_NVIC_EnableIRQ
                0x000000000800149e       0x1c Drivers/STM32F1xx_HAL_Driver/Src/stm32f1xx_hal_cortex.o
                0x000000000800149e                HAL_NVIC_EnableIRQ
 .text.HAL_SYSTICK_Config
                0x00000000080014ba       0x18 Drivers/STM32F1xx_HAL_Driver/Src/stm32f1xx_hal_cortex.o
                0x00000000080014ba                HAL_SYSTICK_Config
 *fill*         0x00000000080014d2        0x2 
 .text.HAL_GPIO_Init
                0x00000000080014d4      0x308 Drivers/STM32F1xx_HAL_Driver/Src/stm32f1xx_hal_gpio.o
                0x00000000080014d4                HAL_GPIO_Init
 .text.HAL_GPIO_WritePin
                0x00000000080017dc       0x30 Drivers/STM32F1xx_HAL_Driver/Src/stm32f1xx_hal_gpio.o
                0x00000000080017dc                HAL_GPIO_WritePin
 .text.HAL_GPIO_TogglePin
                0x000000000800180c       0x32 Drivers/STM32F1xx_HAL_Driver/Src/stm32f1xx_hal_gpio.o
                0x000000000800180c                HAL_GPIO_TogglePin
 *fill*         0x000000000800183e        0x2 
 .text.HAL_GPIO_EXTI_IRQHandler
                0x0000000008001840       0x30 Drivers/STM32F1xx_HAL_Driver/Src/stm32f1xx_hal_gpio.o
                0x0000000008001840                HAL_GPIO_EXTI_IRQHandler
 .text.HAL_GPIO_EXTI_Callback
                0x0000000008001870       0x14 Drivers/STM32F1xx_HAL_Driver/Src/stm32f1xx_hal_gpio.o
                0x0000000008001870                HAL_GPIO_EXTI_Callback
 .text.HAL_RCC_OscConfig
                0x0000000008001884      0x500 Drivers/STM32F1xx_HAL_Driver/Src/stm32f1xx_hal_rcc.o
                0x0000000008001884                HAL_RCC_OscConfig
 .text.HAL_RCC_ClockConfig
                0x0000000008001d84      0x1d4 Drivers/STM32F1xx_HAL_Driver/Src/stm32f1xx_hal_rcc.o
                0x0000000008001d84                HAL_RCC_ClockConfig
 .text.HAL_RCC_GetSysClockFreq
                0x0000000008001f58       0xc0 Drivers/STM32F1xx_HAL_Driver/Src/stm32f1xx_hal_rcc.o
                0x0000000008001f58                HAL_RCC_GetSysClockFreq
 .text.RCC_Delay
                0x0000000008002018       0x3c Drivers/STM32F1xx_HAL_Driver/Src/stm32f1xx_hal_rcc.o
 .text.LL_GPIO_SetPinMode
                0x0000000008002054       0x64 Drivers/STM32F1xx_HAL_Driver/Src/stm32f1xx_ll_gpio.o
 .text.LL_GPIO_SetPinSpeed
                0x00000000080020b8       0x64 Drivers/STM32F1xx_HAL_Driver/Src/stm32f1xx_ll_gpio.o
 .text.LL_GPIO_SetPinOutputType
                0x000000000800211c       0x64 Drivers/STM32F1xx_HAL_Driver/Src/stm32f1xx_ll_gpio.o
 .text.LL_GPIO_SetPinPull
                0x0000000008002180       0x44 Drivers/STM32F1xx_HAL_Driver/Src/stm32f1xx_ll_gpio.o
 .text.LL_GPIO_Init
                0x00000000080021c4       0xcc Drivers/STM32F1xx_HAL_Driver/Src/stm32f1xx_ll_gpio.o
                0x00000000080021c4                LL_GPIO_Init
 .text.LL_RCC_GetSysClkSource
                0x0000000008002290       0x18 Drivers/STM32F1xx_HAL_Driver/Src/stm32f1xx_ll_rcc.o
 .text.LL_RCC_GetAHBPrescaler
                0x00000000080022a8       0x18 Drivers/STM32F1xx_HAL_Driver/Src/stm32f1xx_ll_rcc.o
 .text.LL_RCC_GetAPB1Prescaler
                0x00000000080022c0       0x18 Drivers/STM32F1xx_HAL_Driver/Src/stm32f1xx_ll_rcc.o
 .text.LL_RCC_GetAPB2Prescaler
                0x00000000080022d8       0x18 Drivers/STM32F1xx_HAL_Driver/Src/stm32f1xx_ll_rcc.o
 .text.LL_RCC_PLL_GetMainSource
                0x00000000080022f0       0x18 Drivers/STM32F1xx_HAL_Driver/Src/stm32f1xx_ll_rcc.o
 .text.LL_RCC_PLL_GetMultiplicator
                0x0000000008002308       0x18 Drivers/STM32F1xx_HAL_Driver/Src/stm32f1xx_ll_rcc.o
 .text.LL_RCC_PLL_GetPrediv
                0x0000000008002320       0x1c Drivers/STM32F1xx_HAL_Driver/Src/stm32f1xx_ll_rcc.o
 .text.LL_RCC_GetSystemClocksFreq
                0x000000000800233c       0x4a Drivers/STM32F1xx_HAL_Driver/Src/stm32f1xx_ll_rcc.o
                0x000000000800233c                LL_RCC_GetSystemClocksFreq
 *fill*         0x0000000008002386        0x2 
 .text.RCC_GetSystemClockFreq
                0x0000000008002388       0x4c Drivers/STM32F1xx_HAL_Driver/Src/stm32f1xx_ll_rcc.o
                0x0000000008002388                RCC_GetSystemClockFreq
 .text.RCC_GetHCLKClockFreq
                0x00000000080023d4       0x2c Drivers/STM32F1xx_HAL_Driver/Src/stm32f1xx_ll_rcc.o
                0x00000000080023d4                RCC_GetHCLKClockFreq
 .text.RCC_GetPCLK1ClockFreq
                0x0000000008002400       0x28 Drivers/STM32F1xx_HAL_Driver/Src/stm32f1xx_ll_rcc.o
                0x0000000008002400                RCC_GetPCLK1ClockFreq
 .text.RCC_GetPCLK2ClockFreq
                0x0000000008002428       0x28 Drivers/STM32F1xx_HAL_Driver/Src/stm32f1xx_ll_rcc.o
                0x0000000008002428                RCC_GetPCLK2ClockFreq
 .text.RCC_PLL_GetFreqDomain_SYS
                0x0000000008002450       0x64 Drivers/STM32F1xx_HAL_Driver/Src/stm32f1xx_ll_rcc.o
                0x0000000008002450                RCC_PLL_GetFreqDomain_SYS
 .text.LL_USART_IsEnabled
                0x00000000080024b4       0x26 Drivers/STM32F1xx_HAL_Driver/Src/stm32f1xx_ll_usart.o
 .text.LL_USART_SetStopBitsLength
                0x00000000080024da       0x24 Drivers/STM32F1xx_HAL_Driver/Src/stm32f1xx_ll_usart.o
 .text.LL_USART_SetHWFlowCtrl
                0x00000000080024fe       0x24 Drivers/STM32F1xx_HAL_Driver/Src/stm32f1xx_ll_usart.o
 *fill*         0x0000000008002522        0x2 
 .text.LL_USART_SetBaudRate
                0x0000000008002524       0xbc Drivers/STM32F1xx_HAL_Driver/Src/stm32f1xx_ll_usart.o
 .text.LL_USART_Init
                0x00000000080025e0       0xc0 Drivers/STM32F1xx_HAL_Driver/Src/stm32f1xx_ll_usart.o
                0x00000000080025e0                LL_USART_Init
 .text.__libc_init_array
                0x00000000080026a0       0x48 e:/stm32cubeide_1.6.1/stm32cubeide/plugins/com.st.stm32cube.ide.mcu.externaltools.gnu-tools-for-stm32.9-2020-q2-update.win32_1.5.0.202011040924/tools/bin/../lib/gcc/arm-none-eabi/9.3.1/../../../../arm-none-eabi/lib/thumb/v7-m/nofp\libc_nano.a(lib_a-init.o)
                0x00000000080026a0                __libc_init_array
 .text.memset   0x00000000080026e8       0x10 e:/stm32cubeide_1.6.1/stm32cubeide/plugins/com.st.stm32cube.ide.mcu.externaltools.gnu-tools-for-stm32.9-2020-q2-update.win32_1.5.0.202011040924/tools/bin/../lib/gcc/arm-none-eabi/9.3.1/../../../../arm-none-eabi/lib/thumb/v7-m/nofp\libc_nano.a(lib_a-memset.o)
                0x00000000080026e8                memset
 *(.glue_7)
 .glue_7        0x00000000080026f8        0x0 linker stubs
 *(.glue_7t)
 .glue_7t       0x00000000080026f8        0x0 linker stubs
 *(.eh_frame)
 .eh_frame      0x00000000080026f8        0x0 e:/stm32cubeide_1.6.1/stm32cubeide/plugins/com.st.stm32cube.ide.mcu.externaltools.gnu-tools-for-stm32.9-2020-q2-update.win32_1.5.0.202011040924/tools/bin/../lib/gcc/arm-none-eabi/9.3.1/thumb/v7-m/nofp/crtbegin.o
 *(.init)
 .init          0x00000000080026f8        0x4 e:/stm32cubeide_1.6.1/stm32cubeide/plugins/com.st.stm32cube.ide.mcu.externaltools.gnu-tools-for-stm32.9-2020-q2-update.win32_1.5.0.202011040924/tools/bin/../lib/gcc/arm-none-eabi/9.3.1/thumb/v7-m/nofp/crti.o
                0x00000000080026f8                _init
 .init          0x00000000080026fc        0x8 e:/stm32cubeide_1.6.1/stm32cubeide/plugins/com.st.stm32cube.ide.mcu.externaltools.gnu-tools-for-stm32.9-2020-q2-update.win32_1.5.0.202011040924/tools/bin/../lib/gcc/arm-none-eabi/9.3.1/thumb/v7-m/nofp/crtn.o
 *(.fini)
 .fini          0x0000000008002704        0x4 e:/stm32cubeide_1.6.1/stm32cubeide/plugins/com.st.stm32cube.ide.mcu.externaltools.gnu-tools-for-stm32.9-2020-q2-update.win32_1.5.0.202011040924/tools/bin/../lib/gcc/arm-none-eabi/9.3.1/thumb/v7-m/nofp/crti.o
                0x0000000008002704                _fini
 .fini          0x0000000008002708        0x8 e:/stm32cubeide_1.6.1/stm32cubeide/plugins/com.st.stm32cube.ide.mcu.externaltools.gnu-tools-for-stm32.9-2020-q2-update.win32_1.5.0.202011040924/tools/bin/../lib/gcc/arm-none-eabi/9.3.1/thumb/v7-m/nofp/crtn.o
                0x0000000008002710                . = ALIGN (0x4)
                0x0000000008002710                _etext = .

.vfp11_veneer   0x0000000008002710        0x0
 .vfp11_veneer  0x0000000008002710        0x0 linker stubs

.v4_bx          0x0000000008002710        0x0
 .v4_bx         0x0000000008002710        0x0 linker stubs

.iplt           0x0000000008002710        0x0
 .iplt          0x0000000008002710        0x0 e:/stm32cubeide_1.6.1/stm32cubeide/plugins/com.st.stm32cube.ide.mcu.externaltools.gnu-tools-for-stm32.9-2020-q2-update.win32_1.5.0.202011040924/tools/bin/../lib/gcc/arm-none-eabi/9.3.1/thumb/v7-m/nofp/crtbegin.o

.rodata         0x0000000008002710       0x44
                0x0000000008002710                . = ALIGN (0x4)
 *(.rodata)
 .rodata        0x0000000008002710        0xa Core/Src/main.o
 *fill*         0x000000000800271a        0x2 
 .rodata        0x000000000800271c       0x10 Drivers/STM32F1xx_HAL_Driver/Src/stm32f1xx_hal_rcc.o
 *(.rodata*)
 .rodata.CHANNEL_OFFSET_TAB
                0x000000000800272c        0x7 Core/Src/LL_UART_ECHO_DMA_IDLE.o
 *fill*         0x0000000008002733        0x1 
 .rodata.AHBPrescTable
                0x0000000008002734       0x10 Core/Src/system_stm32f1xx.o
                0x0000000008002734                AHBPrescTable
 .rodata.APBPrescTable
                0x0000000008002744        0x8 Core/Src/system_stm32f1xx.o
                0x0000000008002744                APBPrescTable
 .rodata.CHANNEL_OFFSET_TAB
                0x000000000800274c        0x7 Core/Src/usart.o
                0x0000000008002754                . = ALIGN (0x4)
 *fill*         0x0000000008002753        0x1 

.rel.dyn        0x0000000008002754        0x0
 .rel.iplt      0x0000000008002754        0x0 e:/stm32cubeide_1.6.1/stm32cubeide/plugins/com.st.stm32cube.ide.mcu.externaltools.gnu-tools-for-stm32.9-2020-q2-update.win32_1.5.0.202011040924/tools/bin/../lib/gcc/arm-none-eabi/9.3.1/thumb/v7-m/nofp/crtbegin.o

.ARM.extab      0x0000000008002754        0x0
                0x0000000008002754                . = ALIGN (0x4)
 *(.ARM.extab* .gnu.linkonce.armextab.*)
                0x0000000008002754                . = ALIGN (0x4)

.ARM            0x0000000008002754        0x0
                0x0000000008002754                . = ALIGN (0x4)
                0x0000000008002754                __exidx_start = .
 *(.ARM.exidx*)
                0x0000000008002754                __exidx_end = .
                0x0000000008002754                . = ALIGN (0x4)

.preinit_array  0x0000000008002754        0x0
                0x0000000008002754                . = ALIGN (0x4)
                0x0000000008002754                PROVIDE (__preinit_array_start = .)
 *(.preinit_array*)
                0x0000000008002754                PROVIDE (__preinit_array_end = .)
                0x0000000008002754                . = ALIGN (0x4)

.init_array     0x0000000008002754        0x4
                0x0000000008002754                . = ALIGN (0x4)
                0x0000000008002754                PROVIDE (__init_array_start = .)
 *(SORT_BY_NAME(.init_array.*))
 *(.init_array*)
 .init_array    0x0000000008002754        0x4 e:/stm32cubeide_1.6.1/stm32cubeide/plugins/com.st.stm32cube.ide.mcu.externaltools.gnu-tools-for-stm32.9-2020-q2-update.win32_1.5.0.202011040924/tools/bin/../lib/gcc/arm-none-eabi/9.3.1/thumb/v7-m/nofp/crtbegin.o
                0x0000000008002758                PROVIDE (__init_array_end = .)
                0x0000000008002758                . = ALIGN (0x4)

.fini_array     0x0000000008002758        0x4
                0x0000000008002758                . = ALIGN (0x4)
                [!provide]                        PROVIDE (__fini_array_start = .)
 *(SORT_BY_NAME(.fini_array.*))
 *(.fini_array*)
 .fini_array    0x0000000008002758        0x4 e:/stm32cubeide_1.6.1/stm32cubeide/plugins/com.st.stm32cube.ide.mcu.externaltools.gnu-tools-for-stm32.9-2020-q2-update.win32_1.5.0.202011040924/tools/bin/../lib/gcc/arm-none-eabi/9.3.1/thumb/v7-m/nofp/crtbegin.o
                [!provide]                        PROVIDE (__fini_array_end = .)
                0x000000000800275c                . = ALIGN (0x4)
                0x000000000800275c                _sidata = LOADADDR (.data)

.data           0x0000000020000000       0x3c load address 0x000000000800275c
                0x0000000020000000                . = ALIGN (0x4)
                0x0000000020000000                _sdata = .
 *(.data)
 *(.data*)
 .data.InitMessage
                0x0000000020000000       0x2d Core/Src/LL_UART_ECHO_DMA_IDLE.o
                0x0000000020000000                InitMessage
 *fill*         0x000000002000002d        0x3 
 .data.SystemCoreClock
                0x0000000020000030        0x4 Core/Src/system_stm32f1xx.o
                0x0000000020000030                SystemCoreClock
 .data.uwTickPrio
                0x0000000020000034        0x4 Drivers/STM32F1xx_HAL_Driver/Src/stm32f1xx_hal.o
                0x0000000020000034                uwTickPrio
 .data.uwTickFreq
                0x0000000020000038        0x1 Drivers/STM32F1xx_HAL_Driver/Src/stm32f1xx_hal.o
                0x0000000020000038                uwTickFreq
 *(.RamFunc)
 *(.RamFunc*)
                0x000000002000003c                . = ALIGN (0x4)
 *fill*         0x0000000020000039        0x3 
                0x000000002000003c                _edata = .

.igot.plt       0x000000002000003c        0x0 load address 0x0000000008002798
 .igot.plt      0x000000002000003c        0x0 e:/stm32cubeide_1.6.1/stm32cubeide/plugins/com.st.stm32cube.ide.mcu.externaltools.gnu-tools-for-stm32.9-2020-q2-update.win32_1.5.0.202011040924/tools/bin/../lib/gcc/arm-none-eabi/9.3.1/thumb/v7-m/nofp/crtbegin.o
                0x000000002000003c                . = ALIGN (0x4)

.bss            0x000000002000003c      0xaac load address 0x0000000008002798
                0x000000002000003c                _sbss = .
                0x000000002000003c                __bss_start__ = _sbss
 *(.bss)
 .bss           0x000000002000003c       0x1c e:/stm32cubeide_1.6.1/stm32cubeide/plugins/com.st.stm32cube.ide.mcu.externaltools.gnu-tools-for-stm32.9-2020-q2-update.win32_1.5.0.202011040924/tools/bin/../lib/gcc/arm-none-eabi/9.3.1/thumb/v7-m/nofp/crtbegin.o
 *(.bss*)
 .bss.tx_Bsize  0x0000000020000058        0x2 Core/Src/main.o
                0x0000000020000058                tx_Bsize
 *fill*         0x000000002000005a        0x2 
 .bss.LedTimer.7525
                0x000000002000005c        0x4 Core/Src/main.o
 *(COMMON)
 COMMON         0x0000000020000060      0xa84 Core/Src/main.o
                0x0000000020000060                rx_BUF
                0x00000000200006d8                TUART2
                0x00000000200006fc                tx_BUF
 COMMON         0x0000000020000ae4        0x4 Drivers/STM32F1xx_HAL_Driver/Src/stm32f1xx_hal.o
                0x0000000020000ae4                uwTick
                0x0000000020000ae8                . = ALIGN (0x4)
                0x0000000020000ae8                _ebss = .
                0x0000000020000ae8                __bss_end__ = _ebss

._user_heap_stack
                0x0000000020000ae8      0x600 load address 0x0000000008002798
                0x0000000020000ae8                . = ALIGN (0x8)
                [!provide]                        PROVIDE (end = .)
                0x0000000020000ae8                PROVIDE (_end = .)
                0x0000000020000ce8                . = (. + _Min_Heap_Size)
 *fill*         0x0000000020000ae8      0x200 
                0x00000000200010e8                . = (. + _Min_Stack_Size)
 *fill*         0x0000000020000ce8      0x400 
                0x00000000200010e8                . = ALIGN (0x8)

/DISCARD/
 libc.a(*)
 libm.a(*)
 libgcc.a(*)

.ARM.attributes
                0x0000000000000000       0x29
 *(.ARM.attributes)
 .ARM.attributes
                0x0000000000000000       0x1d e:/stm32cubeide_1.6.1/stm32cubeide/plugins/com.st.stm32cube.ide.mcu.externaltools.gnu-tools-for-stm32.9-2020-q2-update.win32_1.5.0.202011040924/tools/bin/../lib/gcc/arm-none-eabi/9.3.1/thumb/v7-m/nofp/crti.o
 .ARM.attributes
                0x000000000000001d       0x2d e:/stm32cubeide_1.6.1/stm32cubeide/plugins/com.st.stm32cube.ide.mcu.externaltools.gnu-tools-for-stm32.9-2020-q2-update.win32_1.5.0.202011040924/tools/bin/../lib/gcc/arm-none-eabi/9.3.1/thumb/v7-m/nofp/crtbegin.o
 .ARM.attributes
                0x000000000000004a       0x2d Core/Src/LL_UART_ECHO_DMA_IDLE.o
 .ARM.attributes
                0x0000000000000077       0x2d Core/Src/dma.o
 .ARM.attributes
                0x00000000000000a4       0x2d Core/Src/gpio.o
 .ARM.attributes
                0x00000000000000d1       0x2d Core/Src/main.o
 .ARM.attributes
                0x00000000000000fe       0x2d Core/Src/stm32f1xx_hal_msp.o
 .ARM.attributes
                0x000000000000012b       0x2d Core/Src/stm32f1xx_it.o
 .ARM.attributes
                0x0000000000000158       0x2d Core/Src/system_stm32f1xx.o
 .ARM.attributes
                0x0000000000000185       0x2d Core/Src/usart.o
 .ARM.attributes
                0x00000000000001b2       0x21 Core/Startup/startup_stm32f103rbtx.o
 .ARM.attributes
                0x00000000000001d3       0x2d Drivers/STM32F1xx_HAL_Driver/Src/stm32f1xx_hal.o
 .ARM.attributes
                0x0000000000000200       0x2d Drivers/STM32F1xx_HAL_Driver/Src/stm32f1xx_hal_cortex.o
 .ARM.attributes
                0x000000000000022d       0x2d Drivers/STM32F1xx_HAL_Driver/Src/stm32f1xx_hal_gpio.o
 .ARM.attributes
                0x000000000000025a       0x2d Drivers/STM32F1xx_HAL_Driver/Src/stm32f1xx_hal_rcc.o
 .ARM.attributes
                0x0000000000000287       0x2d Drivers/STM32F1xx_HAL_Driver/Src/stm32f1xx_ll_gpio.o
 .ARM.attributes
                0x00000000000002b4       0x2d Drivers/STM32F1xx_HAL_Driver/Src/stm32f1xx_ll_rcc.o
 .ARM.attributes
                0x00000000000002e1       0x2d Drivers/STM32F1xx_HAL_Driver/Src/stm32f1xx_ll_usart.o
 .ARM.attributes
                0x000000000000030e       0x2d e:/stm32cubeide_1.6.1/stm32cubeide/plugins/com.st.stm32cube.ide.mcu.externaltools.gnu-tools-for-stm32.9-2020-q2-update.win32_1.5.0.202011040924/tools/bin/../lib/gcc/arm-none-eabi/9.3.1/../../../../arm-none-eabi/lib/thumb/v7-m/nofp\libc_nano.a(lib_a-init.o)
 .ARM.attributes
                0x000000000000033b       0x2d e:/stm32cubeide_1.6.1/stm32cubeide/plugins/com.st.stm32cube.ide.mcu.externaltools.gnu-tools-for-stm32.9-2020-q2-update.win32_1.5.0.202011040924/tools/bin/../lib/gcc/arm-none-eabi/9.3.1/../../../../arm-none-eabi/lib/thumb/v7-m/nofp\libc_nano.a(lib_a-memset.o)
 .ARM.attributes
                0x0000000000000368       0x1d e:/stm32cubeide_1.6.1/stm32cubeide/plugins/com.st.stm32cube.ide.mcu.externaltools.gnu-tools-for-stm32.9-2020-q2-update.win32_1.5.0.202011040924/tools/bin/../lib/gcc/arm-none-eabi/9.3.1/thumb/v7-m/nofp/crtn.o
OUTPUT(LL_UART_ECHO_DMA_IDLE.elf elf32-littlearm)
LOAD linker stubs
LOAD e:/stm32cubeide_1.6.1/stm32cubeide/plugins/com.st.stm32cube.ide.mcu.externaltools.gnu-tools-for-stm32.9-2020-q2-update.win32_1.5.0.202011040924/tools/bin/../lib/gcc/arm-none-eabi/9.3.1/../../../../arm-none-eabi/lib/thumb/v7-m/nofp\libc.a
LOAD e:/stm32cubeide_1.6.1/stm32cubeide/plugins/com.st.stm32cube.ide.mcu.externaltools.gnu-tools-for-stm32.9-2020-q2-update.win32_1.5.0.202011040924/tools/bin/../lib/gcc/arm-none-eabi/9.3.1/../../../../arm-none-eabi/lib/thumb/v7-m/nofp\libm.a
LOAD e:/stm32cubeide_1.6.1/stm32cubeide/plugins/com.st.stm32cube.ide.mcu.externaltools.gnu-tools-for-stm32.9-2020-q2-update.win32_1.5.0.202011040924/tools/bin/../lib/gcc/arm-none-eabi/9.3.1/thumb/v7-m/nofp\libgcc.a

.debug_info     0x0000000000000000     0x7623
 .debug_info    0x0000000000000000      0x838 Core/Src/LL_UART_ECHO_DMA_IDLE.o
 .debug_info    0x0000000000000838      0x8e0 Core/Src/dma.o
 .debug_info    0x0000000000001118      0x64d Core/Src/gpio.o
 .debug_info    0x0000000000001765      0xeb9 Core/Src/main.o
 .debug_info    0x000000000000261e      0x456 Core/Src/stm32f1xx_hal_msp.o
 .debug_info    0x0000000000002a74      0x4bb Core/Src/stm32f1xx_it.o
 .debug_info    0x0000000000002f2f      0x2be Core/Src/system_stm32f1xx.o
 .debug_info    0x00000000000031ed      0xd69 Core/Src/usart.o
 .debug_info    0x0000000000003f56       0x22 Core/Startup/startup_stm32f103rbtx.o
 .debug_info    0x0000000000003f78      0x76a Drivers/STM32F1xx_HAL_Driver/Src/stm32f1xx_hal.o
 .debug_info    0x00000000000046e2      0xbdc Drivers/STM32F1xx_HAL_Driver/Src/stm32f1xx_hal_cortex.o
 .debug_info    0x00000000000052be      0x701 Drivers/STM32F1xx_HAL_Driver/Src/stm32f1xx_hal_gpio.o
 .debug_info    0x00000000000059bf      0x88e Drivers/STM32F1xx_HAL_Driver/Src/stm32f1xx_hal_rcc.o
 .debug_info    0x000000000000624d      0x6d3 Drivers/STM32F1xx_HAL_Driver/Src/stm32f1xx_ll_gpio.o
 .debug_info    0x0000000000006920      0x62f Drivers/STM32F1xx_HAL_Driver/Src/stm32f1xx_ll_rcc.o
 .debug_info    0x0000000000006f4f      0x6d4 Drivers/STM32F1xx_HAL_Driver/Src/stm32f1xx_ll_usart.o

.debug_abbrev   0x0000000000000000     0x1e47
 .debug_abbrev  0x0000000000000000      0x206 Core/Src/LL_UART_ECHO_DMA_IDLE.o
 .debug_abbrev  0x0000000000000206      0x1f4 Core/Src/dma.o
 .debug_abbrev  0x00000000000003fa      0x171 Core/Src/gpio.o
 .debug_abbrev  0x000000000000056b      0x27a Core/Src/main.o
 .debug_abbrev  0x00000000000007e5      0x148 Core/Src/stm32f1xx_hal_msp.o
 .debug_abbrev  0x000000000000092d      0x1c9 Core/Src/stm32f1xx_it.o
 .debug_abbrev  0x0000000000000af6      0x14e Core/Src/system_stm32f1xx.o
 .debug_abbrev  0x0000000000000c44      0x20b Core/Src/usart.o
 .debug_abbrev  0x0000000000000e4f       0x12 Core/Startup/startup_stm32f103rbtx.o
 .debug_abbrev  0x0000000000000e61      0x1ed Drivers/STM32F1xx_HAL_Driver/Src/stm32f1xx_hal.o
 .debug_abbrev  0x000000000000104e      0x313 Drivers/STM32F1xx_HAL_Driver/Src/stm32f1xx_hal_cortex.o
 .debug_abbrev  0x0000000000001361      0x1e8 Drivers/STM32F1xx_HAL_Driver/Src/stm32f1xx_hal_gpio.o
 .debug_abbrev  0x0000000000001549      0x273 Drivers/STM32F1xx_HAL_Driver/Src/stm32f1xx_hal_rcc.o
 .debug_abbrev  0x00000000000017bc      0x239 Drivers/STM32F1xx_HAL_Driver/Src/stm32f1xx_ll_gpio.o
 .debug_abbrev  0x00000000000019f5      0x27b Drivers/STM32F1xx_HAL_Driver/Src/stm32f1xx_ll_rcc.o
 .debug_abbrev  0x0000000000001c70      0x1d7 Drivers/STM32F1xx_HAL_Driver/Src/stm32f1xx_ll_usart.o

.debug_aranges  0x0000000000000000      0x780
 .debug_aranges
                0x0000000000000000       0xc0 Core/Src/LL_UART_ECHO_DMA_IDLE.o
 .debug_aranges
                0x00000000000000c0       0x40 Core/Src/dma.o
 .debug_aranges
                0x0000000000000100       0x20 Core/Src/gpio.o
 .debug_aranges
                0x0000000000000120       0x30 Core/Src/main.o
 .debug_aranges
                0x0000000000000150       0x20 Core/Src/stm32f1xx_hal_msp.o
 .debug_aranges
                0x0000000000000170       0xa0 Core/Src/stm32f1xx_it.o
 .debug_aranges
                0x0000000000000210       0x28 Core/Src/system_stm32f1xx.o
 .debug_aranges
                0x0000000000000238       0x98 Core/Src/usart.o
 .debug_aranges
                0x00000000000002d0       0x28 Core/Startup/startup_stm32f103rbtx.o
 .debug_aranges
                0x00000000000002f8       0xe0 Drivers/STM32F1xx_HAL_Driver/Src/stm32f1xx_hal.o
 .debug_aranges
                0x00000000000003d8      0x100 Drivers/STM32F1xx_HAL_Driver/Src/stm32f1xx_hal_cortex.o
 .debug_aranges
                0x00000000000004d8       0x58 Drivers/STM32F1xx_HAL_Driver/Src/stm32f1xx_hal_gpio.o
 .debug_aranges
                0x0000000000000530       0x90 Drivers/STM32F1xx_HAL_Driver/Src/stm32f1xx_hal_rcc.o
 .debug_aranges
                0x00000000000005c0       0x60 Drivers/STM32F1xx_HAL_Driver/Src/stm32f1xx_ll_gpio.o
 .debug_aranges
                0x0000000000000620       0xd8 Drivers/STM32F1xx_HAL_Driver/Src/stm32f1xx_ll_rcc.o
 .debug_aranges
                0x00000000000006f8       0x88 Drivers/STM32F1xx_HAL_Driver/Src/stm32f1xx_ll_usart.o

.debug_ranges   0x0000000000000000      0x688
 .debug_ranges  0x0000000000000000       0xb0 Core/Src/LL_UART_ECHO_DMA_IDLE.o
 .debug_ranges  0x00000000000000b0       0x30 Core/Src/dma.o
 .debug_ranges  0x00000000000000e0       0x10 Core/Src/gpio.o
 .debug_ranges  0x00000000000000f0       0x20 Core/Src/main.o
 .debug_ranges  0x0000000000000110       0x10 Core/Src/stm32f1xx_hal_msp.o
 .debug_ranges  0x0000000000000120       0x90 Core/Src/stm32f1xx_it.o
 .debug_ranges  0x00000000000001b0       0x18 Core/Src/system_stm32f1xx.o
 .debug_ranges  0x00000000000001c8       0x88 Core/Src/usart.o
 .debug_ranges  0x0000000000000250       0x20 Core/Startup/startup_stm32f103rbtx.o
 .debug_ranges  0x0000000000000270       0xd0 Drivers/STM32F1xx_HAL_Driver/Src/stm32f1xx_hal.o
 .debug_ranges  0x0000000000000340       0xf0 Drivers/STM32F1xx_HAL_Driver/Src/stm32f1xx_hal_cortex.o
 .debug_ranges  0x0000000000000430       0x48 Drivers/STM32F1xx_HAL_Driver/Src/stm32f1xx_hal_gpio.o
 .debug_ranges  0x0000000000000478       0x80 Drivers/STM32F1xx_HAL_Driver/Src/stm32f1xx_hal_rcc.o
 .debug_ranges  0x00000000000004f8       0x50 Drivers/STM32F1xx_HAL_Driver/Src/stm32f1xx_ll_gpio.o
 .debug_ranges  0x0000000000000548       0xc8 Drivers/STM32F1xx_HAL_Driver/Src/stm32f1xx_ll_rcc.o
 .debug_ranges  0x0000000000000610       0x78 Drivers/STM32F1xx_HAL_Driver/Src/stm32f1xx_ll_usart.o

.debug_macro    0x0000000000000000    0x18335
 .debug_macro   0x0000000000000000      0x210 Core/Src/LL_UART_ECHO_DMA_IDLE.o
 .debug_macro   0x0000000000000210      0xaa2 Core/Src/LL_UART_ECHO_DMA_IDLE.o
 .debug_macro   0x0000000000000cb2      0x215 Core/Src/LL_UART_ECHO_DMA_IDLE.o
 .debug_macro   0x0000000000000ec7       0x2e Core/Src/LL_UART_ECHO_DMA_IDLE.o
 .debug_macro   0x0000000000000ef5       0x22 Core/Src/LL_UART_ECHO_DMA_IDLE.o
 .debug_macro   0x0000000000000f17       0x22 Core/Src/LL_UART_ECHO_DMA_IDLE.o
 .debug_macro   0x0000000000000f39       0x8e Core/Src/LL_UART_ECHO_DMA_IDLE.o
 .debug_macro   0x0000000000000fc7       0x51 Core/Src/LL_UART_ECHO_DMA_IDLE.o
 .debug_macro   0x0000000000001018      0x103 Core/Src/LL_UART_ECHO_DMA_IDLE.o
 .debug_macro   0x000000000000111b       0x6a Core/Src/LL_UART_ECHO_DMA_IDLE.o
 .debug_macro   0x0000000000001185      0x1df Core/Src/LL_UART_ECHO_DMA_IDLE.o
 .debug_macro   0x0000000000001364       0x1c Core/Src/LL_UART_ECHO_DMA_IDLE.o
 .debug_macro   0x0000000000001380       0x22 Core/Src/LL_UART_ECHO_DMA_IDLE.o
 .debug_macro   0x00000000000013a2       0xc3 Core/Src/LL_UART_ECHO_DMA_IDLE.o
 .debug_macro   0x0000000000001465      0xd23 Core/Src/LL_UART_ECHO_DMA_IDLE.o
 .debug_macro   0x0000000000002188     0xe09e Core/Src/LL_UART_ECHO_DMA_IDLE.o
 .debug_macro   0x0000000000010226       0x6d Core/Src/LL_UART_ECHO_DMA_IDLE.o
 .debug_macro   0x0000000000010293     0x3468 Core/Src/LL_UART_ECHO_DMA_IDLE.o
 .debug_macro   0x00000000000136fb      0x174 Core/Src/LL_UART_ECHO_DMA_IDLE.o
 .debug_macro   0x000000000001386f       0x5c Core/Src/LL_UART_ECHO_DMA_IDLE.o
 .debug_macro   0x00000000000138cb      0x5be Core/Src/LL_UART_ECHO_DMA_IDLE.o
 .debug_macro   0x0000000000013e89      0x289 Core/Src/LL_UART_ECHO_DMA_IDLE.o
 .debug_macro   0x0000000000014112      0x1cb Core/Src/LL_UART_ECHO_DMA_IDLE.o
 .debug_macro   0x00000000000142dd      0x114 Core/Src/LL_UART_ECHO_DMA_IDLE.o
 .debug_macro   0x00000000000143f1      0x1b2 Core/Src/LL_UART_ECHO_DMA_IDLE.o
 .debug_macro   0x00000000000145a3       0x27 Core/Src/LL_UART_ECHO_DMA_IDLE.o
 .debug_macro   0x00000000000145ca      0x136 Core/Src/LL_UART_ECHO_DMA_IDLE.o
 .debug_macro   0x0000000000014700      0x1bc Core/Src/LL_UART_ECHO_DMA_IDLE.o
 .debug_macro   0x00000000000148bc       0x34 Core/Src/LL_UART_ECHO_DMA_IDLE.o
 .debug_macro   0x00000000000148f0       0x3c Core/Src/LL_UART_ECHO_DMA_IDLE.o
 .debug_macro   0x000000000001492c       0x57 Core/Src/LL_UART_ECHO_DMA_IDLE.o
 .debug_macro   0x0000000000014983       0x88 Core/Src/LL_UART_ECHO_DMA_IDLE.o
 .debug_macro   0x0000000000014a0b      0x241 Core/Src/LL_UART_ECHO_DMA_IDLE.o
 .debug_macro   0x0000000000014c4c      0x141 Core/Src/LL_UART_ECHO_DMA_IDLE.o
 .debug_macro   0x0000000000014d8d       0x83 Core/Src/LL_UART_ECHO_DMA_IDLE.o
 .debug_macro   0x0000000000014e10      0x1b4 Core/Src/LL_UART_ECHO_DMA_IDLE.o
 .debug_macro   0x0000000000014fc4      0x2be Core/Src/LL_UART_ECHO_DMA_IDLE.o
 .debug_macro   0x0000000000015282       0xd7 Core/Src/LL_UART_ECHO_DMA_IDLE.o
 .debug_macro   0x0000000000015359       0x74 Core/Src/LL_UART_ECHO_DMA_IDLE.o
 .debug_macro   0x00000000000153cd       0xd0 Core/Src/LL_UART_ECHO_DMA_IDLE.o
 .debug_macro   0x000000000001549d       0x28 Core/Src/LL_UART_ECHO_DMA_IDLE.o
 .debug_macro   0x00000000000154c5       0x2a Core/Src/LL_UART_ECHO_DMA_IDLE.o
 .debug_macro   0x00000000000154ef       0x90 Core/Src/LL_UART_ECHO_DMA_IDLE.o
 .debug_macro   0x000000000001557f      0x287 Core/Src/LL_UART_ECHO_DMA_IDLE.o
 .debug_macro   0x0000000000015806      0x22a Core/Src/LL_UART_ECHO_DMA_IDLE.o
 .debug_macro   0x0000000000015a30       0x5e Core/Src/LL_UART_ECHO_DMA_IDLE.o
 .debug_macro   0x0000000000015a8e       0x22 Core/Src/LL_UART_ECHO_DMA_IDLE.o
 .debug_macro   0x0000000000015ab0      0x214 Core/Src/dma.o
 .debug_macro   0x0000000000015cc4      0x214 Core/Src/gpio.o
 .debug_macro   0x0000000000015ed8      0x2f6 Core/Src/main.o
 .debug_macro   0x00000000000161ce       0x52 Core/Src/main.o
 .debug_macro   0x0000000000016220       0x18 Core/Src/main.o
 .debug_macro   0x0000000000016238       0x3c Core/Src/main.o
 .debug_macro   0x0000000000016274       0x34 Core/Src/main.o
 .debug_macro   0x00000000000162a8       0x16 Core/Src/main.o
 .debug_macro   0x00000000000162be       0x43 Core/Src/main.o
 .debug_macro   0x0000000000016301       0x34 Core/Src/main.o
 .debug_macro   0x0000000000016335       0x10 Core/Src/main.o
 .debug_macro   0x0000000000016345       0x58 Core/Src/main.o
 .debug_macro   0x000000000001639d       0x71 Core/Src/main.o
 .debug_macro   0x000000000001640e       0x1c Core/Src/main.o
 .debug_macro   0x000000000001642a      0x12a Core/Src/main.o
 .debug_macro   0x0000000000016554      0x333 Core/Src/main.o
 .debug_macro   0x0000000000016887       0x10 Core/Src/main.o
 .debug_macro   0x0000000000016897       0x35 Core/Src/main.o
 .debug_macro   0x00000000000168cc       0x20 Core/Src/main.o
 .debug_macro   0x00000000000168ec      0x20a Core/Src/stm32f1xx_hal_msp.o
 .debug_macro   0x0000000000016af6      0x214 Core/Src/stm32f1xx_it.o
 .debug_macro   0x0000000000016d0a      0x184 Core/Src/system_stm32f1xx.o
 .debug_macro   0x0000000000016e8e      0x214 Core/Src/usart.o
 .debug_macro   0x00000000000170a2      0x1a8 Drivers/STM32F1xx_HAL_Driver/Src/stm32f1xx_hal.o
 .debug_macro   0x000000000001724a      0x184 Drivers/STM32F1xx_HAL_Driver/Src/stm32f1xx_hal_cortex.o
 .debug_macro   0x00000000000173ce      0x1ef Drivers/STM32F1xx_HAL_Driver/Src/stm32f1xx_hal_gpio.o
 .debug_macro   0x00000000000175bd      0x196 Drivers/STM32F1xx_HAL_Driver/Src/stm32f1xx_hal_rcc.o
 .debug_macro   0x0000000000017753      0x1c0 Drivers/STM32F1xx_HAL_Driver/Src/stm32f1xx_ll_gpio.o
 .debug_macro   0x0000000000017913      0x224 Drivers/STM32F1xx_HAL_Driver/Src/stm32f1xx_ll_gpio.o
 .debug_macro   0x0000000000017b37      0x1a5 Drivers/STM32F1xx_HAL_Driver/Src/stm32f1xx_ll_rcc.o
 .debug_macro   0x0000000000017cdc      0x2b8 Drivers/STM32F1xx_HAL_Driver/Src/stm32f1xx_ll_rcc.o
 .debug_macro   0x0000000000017f94      0x1f3 Drivers/STM32F1xx_HAL_Driver/Src/stm32f1xx_ll_usart.o
 .debug_macro   0x0000000000018187      0x1ae Drivers/STM32F1xx_HAL_Driver/Src/stm32f1xx_ll_usart.o

.debug_line     0x0000000000000000     0x8825
 .debug_line    0x0000000000000000      0x9e3 Core/Src/LL_UART_ECHO_DMA_IDLE.o
 .debug_line    0x00000000000009e3      0x80f Core/Src/dma.o
 .debug_line    0x00000000000011f2      0x753 Core/Src/gpio.o
 .debug_line    0x0000000000001945      0x9bd Core/Src/main.o
 .debug_line    0x0000000000002302      0x739 Core/Src/stm32f1xx_hal_msp.o
 .debug_line    0x0000000000002a3b      0x8e4 Core/Src/stm32f1xx_it.o
 .debug_line    0x000000000000331f      0x6a6 Core/Src/system_stm32f1xx.o
 .debug_line    0x00000000000039c5      0x990 Core/Src/usart.o
 .debug_line    0x0000000000004355       0x84 Core/Startup/startup_stm32f103rbtx.o
 .debug_line    0x00000000000043d9      0x8d3 Drivers/STM32F1xx_HAL_Driver/Src/stm32f1xx_hal.o
 .debug_line    0x0000000000004cac      0xabb Drivers/STM32F1xx_HAL_Driver/Src/stm32f1xx_hal_cortex.o
 .debug_line    0x0000000000005767      0x96a Drivers/STM32F1xx_HAL_Driver/Src/stm32f1xx_hal_gpio.o
 .debug_line    0x00000000000060d1      0xce1 Drivers/STM32F1xx_HAL_Driver/Src/stm32f1xx_hal_rcc.o
 .debug_line    0x0000000000006db2      0x88a Drivers/STM32F1xx_HAL_Driver/Src/stm32f1xx_ll_gpio.o
 .debug_line    0x000000000000763c      0x99c Drivers/STM32F1xx_HAL_Driver/Src/stm32f1xx_ll_rcc.o
 .debug_line    0x0000000000007fd8      0x84d Drivers/STM32F1xx_HAL_Driver/Src/stm32f1xx_ll_usart.o

.debug_str      0x0000000000000000    0x85582
 .debug_str     0x0000000000000000    0x7ff93 Core/Src/LL_UART_ECHO_DMA_IDLE.o
                                      0x80422 (size before relaxing)
 .debug_str     0x000000000007ff93      0x3de Core/Src/dma.o
                                      0x805cf (size before relaxing)
 .debug_str     0x0000000000080371       0x6f Core/Src/gpio.o
                                      0x804c9 (size before relaxing)
 .debug_str     0x00000000000803e0     0x3353 Core/Src/main.o
                                      0x83528 (size before relaxing)
 .debug_str     0x0000000000083733       0x50 Core/Src/stm32f1xx_hal_msp.o
                                      0x801aa (size before relaxing)
 .debug_str     0x0000000000083783      0x170 Core/Src/stm32f1xx_it.o
                                      0x802a4 (size before relaxing)
 .debug_str     0x00000000000838f3       0x52 Core/Src/system_stm32f1xx.o
                                      0x7ac53 (size before relaxing)
 .debug_str     0x0000000000083945      0x202 Core/Src/usart.o
                                      0x8086e (size before relaxing)
 .debug_str     0x0000000000083b47       0x36 Core/Startup/startup_stm32f103rbtx.o
                                         0x5f (size before relaxing)
 .debug_str     0x0000000000083b7d      0x304 Drivers/STM32F1xx_HAL_Driver/Src/stm32f1xx_hal.o
                                      0x7b2e4 (size before relaxing)
 .debug_str     0x0000000000083e81      0x1e9 Drivers/STM32F1xx_HAL_Driver/Src/stm32f1xx_hal_cortex.o
                                      0x7b2ec (size before relaxing)
 .debug_str     0x000000000008406a      0x324 Drivers/STM32F1xx_HAL_Driver/Src/stm32f1xx_hal_gpio.o
                                      0x7b017 (size before relaxing)
 .debug_str     0x000000000008438e      0x24f Drivers/STM32F1xx_HAL_Driver/Src/stm32f1xx_hal_rcc.o
                                      0x7b050 (size before relaxing)
 .debug_str     0x00000000000845dd      0x3ed Drivers/STM32F1xx_HAL_Driver/Src/stm32f1xx_ll_gpio.o
                                      0x7c5a4 (size before relaxing)
 .debug_str     0x00000000000849ca      0x3a9 Drivers/STM32F1xx_HAL_Driver/Src/stm32f1xx_ll_rcc.o
                                      0x7c10f (size before relaxing)
 .debug_str     0x0000000000084d73      0x80f Drivers/STM32F1xx_HAL_Driver/Src/stm32f1xx_ll_usart.o
                                      0x7d9a3 (size before relaxing)

.comment        0x0000000000000000       0x53
 .comment       0x0000000000000000       0x53 Core/Src/LL_UART_ECHO_DMA_IDLE.o
                                         0x54 (size before relaxing)
 .comment       0x0000000000000053       0x54 Core/Src/dma.o
 .comment       0x0000000000000053       0x54 Core/Src/gpio.o
 .comment       0x0000000000000053       0x54 Core/Src/main.o
 .comment       0x0000000000000053       0x54 Core/Src/stm32f1xx_hal_msp.o
 .comment       0x0000000000000053       0x54 Core/Src/stm32f1xx_it.o
 .comment       0x0000000000000053       0x54 Core/Src/system_stm32f1xx.o
 .comment       0x0000000000000053       0x54 Core/Src/usart.o
 .comment       0x0000000000000053       0x54 Drivers/STM32F1xx_HAL_Driver/Src/stm32f1xx_hal.o
 .comment       0x0000000000000053       0x54 Drivers/STM32F1xx_HAL_Driver/Src/stm32f1xx_hal_cortex.o
 .comment       0x0000000000000053       0x54 Drivers/STM32F1xx_HAL_Driver/Src/stm32f1xx_hal_gpio.o
 .comment       0x0000000000000053       0x54 Drivers/STM32F1xx_HAL_Driver/Src/stm32f1xx_hal_rcc.o
 .comment       0x0000000000000053       0x54 Drivers/STM32F1xx_HAL_Driver/Src/stm32f1xx_ll_gpio.o
 .comment       0x0000000000000053       0x54 Drivers/STM32F1xx_HAL_Driver/Src/stm32f1xx_ll_rcc.o
 .comment       0x0000000000000053       0x54 Drivers/STM32F1xx_HAL_Driver/Src/stm32f1xx_ll_usart.o

.debug_frame    0x0000000000000000     0x1bf0
 .debug_frame   0x0000000000000000      0x35c Core/Src/LL_UART_ECHO_DMA_IDLE.o
 .debug_frame   0x000000000000035c       0xcc Core/Src/dma.o
 .debug_frame   0x0000000000000428       0x34 Core/Src/gpio.o
 .debug_frame   0x000000000000045c       0x6c Core/Src/main.o
 .debug_frame   0x00000000000004c8       0x38 Core/Src/stm32f1xx_hal_msp.o
 .debug_frame   0x0000000000000500      0x214 Core/Src/stm32f1xx_it.o
 .debug_frame   0x0000000000000714       0x58 Core/Src/system_stm32f1xx.o
 .debug_frame   0x000000000000076c      0x284 Core/Src/usart.o
 .debug_frame   0x00000000000009f0      0x334 Drivers/STM32F1xx_HAL_Driver/Src/stm32f1xx_hal.o
 .debug_frame   0x0000000000000d24      0x428 Drivers/STM32F1xx_HAL_Driver/Src/stm32f1xx_hal_cortex.o
 .debug_frame   0x000000000000114c      0x14c Drivers/STM32F1xx_HAL_Driver/Src/stm32f1xx_hal_gpio.o
 .debug_frame   0x0000000000001298      0x21c Drivers/STM32F1xx_HAL_Driver/Src/stm32f1xx_hal_rcc.o
 .debug_frame   0x00000000000014b4      0x170 Drivers/STM32F1xx_HAL_Driver/Src/stm32f1xx_ll_gpio.o
 .debug_frame   0x0000000000001624      0x34c Drivers/STM32F1xx_HAL_Driver/Src/stm32f1xx_ll_rcc.o
 .debug_frame   0x0000000000001970      0x234 Drivers/STM32F1xx_HAL_Driver/Src/stm32f1xx_ll_usart.o
 .debug_frame   0x0000000000001ba4       0x2c e:/stm32cubeide_1.6.1/stm32cubeide/plugins/com.st.stm32cube.ide.mcu.externaltools.gnu-tools-for-stm32.9-2020-q2-update.win32_1.5.0.202011040924/tools/bin/../lib/gcc/arm-none-eabi/9.3.1/../../../../arm-none-eabi/lib/thumb/v7-m/nofp\libc_nano.a(lib_a-init.o)
 .debug_frame   0x0000000000001bd0       0x20 e:/stm32cubeide_1.6.1/stm32cubeide/plugins/com.st.stm32cube.ide.mcu.externaltools.gnu-tools-for-stm32.9-2020-q2-update.win32_1.5.0.202011040924/tools/bin/../lib/gcc/arm-none-eabi/9.3.1/../../../../arm-none-eabi/lib/thumb/v7-m/nofp\libc_nano.a(lib_a-memset.o)
